
*** src/aes.rs:98:9: replace AesGcmEncryptor::decrypt -> Result<Vec<u8>, AesError> with Ok(vec![1])

*** mutation diff:
--- src/aes.rs
+++ replace AesGcmEncryptor::decrypt -> Result<Vec<u8>, AesError> with Ok(vec![1])
@@ -90,29 +90,17 @@
         Ok(output)
     }
 
     /// Decrypts `nonce || ciphertext` produced by [`encrypt`](Self::encrypt).
     ///
     /// # Requirements
     /// REQ-CK-002, REQ-CK-102, REQ-CK-103, REQ-CK-200
     pub fn decrypt(&self, data: &[u8]) -> Result<Vec<u8>, AesError> {
-        if data.len() < 12 {
-            return Err(AesError::Decrypt("data too short".into()));
-        }
-
-        let (nonce_bytes, ciphertext) = data.split_at(12);
-        let nonce = Nonce::from_slice(nonce_bytes);
-
-        let cipher =
-            Aes256Gcm::new_from_slice(&self.key).map_err(|e| AesError::Decrypt(e.to_string()))?;
-
-        cipher
-            .decrypt(nonce, ciphertext)
-            .map_err(|e| AesError::Decrypt(e.to_string()))
+        Ok(vec![1]) /* ~ changed by cargo-mutants ~ */
     }
 
     /// Returns a reference to the raw key bytes.
     ///
     /// # Requirements
     /// REQ-CK-107
     pub fn key_bytes(&self) -> &[u8; 32] {
         &self.key


*** /home/wyatt/.rustup/toolchains/stable-x86_64-unknown-linux-gnu/bin/cargo test --no-run --verbose --package=cryptkit@0.1.0
    Blocking waiting for file lock on build directory
       Fresh cfg-if v1.0.4
       Fresh unicode-ident v1.0.24
       Fresh version_check v0.9.5
       Fresh typenum v1.20.1
       Fresh subtle v2.6.1
       Fresh cpufeatures v0.2.17
       Fresh autocfg v1.5.1
       Fresh libc v0.2.189
       Fresh either v1.18.0
       Fresh linux-raw-sys v0.12.1
       Fresh proc-macro2 v1.0.107
       Fresh getrandom v0.2.17
       Fresh crossbeam-utils v0.8.22
       Fresh serde_core v1.0.229
       Fresh getrandom v0.3.4
       Fresh opaque-debug v0.3.1
       Fresh once_cell v1.21.4
       Fresh regex-syntax v0.8.11
       Fresh bitflags v2.13.1
       Fresh zmij v1.0.23
       Fresh quote v1.0.47
       Fresh rand_core v0.6.4
       Fresh generic-array v0.14.7
       Fresh crossbeam-epoch v0.9.20
       Fresh rand_core v0.9.5
       Fresh num-traits v0.2.19
       Fresh rustix v1.1.4
       Fresh getrandom v0.4.3
       Fresh clap_lex v1.1.0
       Fresh anstyle v1.0.14
       Fresh memchr v2.8.3
       Fresh itoa v1.0.18
       Fresh fastrand v2.5.0
       Fresh ciborium-io v0.2.2
       Fresh syn v2.0.119
       Fresh crypto-common v0.1.7
       Fresh syn v3.0.4
       Fresh inout v0.1.4
       Fresh block-buffer v0.10.4
       Fresh crossbeam-deque v0.8.7
       Fresh plotters-backend v0.3.7
       Fresh serde_json v1.0.151
       Fresh clap_builder v4.6.6
       Fresh tempfile v3.27.0
       Fresh regex-automata v0.4.18
       Fresh wait-timeout v0.2.1
       Fresh itertools v0.10.5
       Fresh same-file v1.0.6
       Fresh fnv v1.0.7
       Fresh cast v0.3.0
       Fresh zerocopy-derive v0.8.56
       Fresh cipher v0.4.4
       Fresh serde_derive v1.0.229
       Fresh universal-hash v0.5.1
       Fresh digest v0.10.7
       Fresh aead v0.5.2
       Fresh thiserror-impl v2.0.20
       Fresh rayon-core v1.13.0
       Fresh plotters-svg v0.3.7
       Fresh zeroize_derive v1.5.0
       Fresh bit-vec v0.8.0
       Fresh quick-error v1.2.3
       Fresh criterion-plot v0.5.0
       Fresh walkdir v2.5.0
       Fresh clap v4.6.6
       Fresh regex v1.13.1
       Fresh rand_xorshift v0.4.0
       Fresh zerocopy v0.8.56
       Fresh polyval v0.6.2
       Fresh serde v1.0.229
       Fresh ctr v0.9.2
       Fresh aes v0.8.4
       Fresh rayon v1.12.0
       Fresh plotters v0.3.7
       Fresh thiserror v2.0.20
       Fresh bit-set v0.8.0
       Fresh zeroize v1.9.0
       Fresh rusty-fork v0.3.1
       Fresh hmac v0.12.1
       Fresh sha2 v0.10.9
       Fresh rand v0.9.5
       Fresh is-terminal v0.4.17
       Fresh anes v0.1.6
       Fresh oorandom v11.1.5
       Fresh ppv-lite86 v0.2.21
       Fresh half v2.7.1
       Fresh ghash v0.5.1
       Fresh tinytemplate v1.2.1
       Fresh unarray v0.1.4
       Fresh hex v0.4.3
       Fresh ciborium-ll v0.2.2
       Fresh rand_chacha v0.3.1
       Fresh rand_chacha v0.9.0
       Fresh aes-gcm v0.10.3
       Fresh rand v0.8.8
       Fresh ciborium v0.2.2
       Fresh proptest v1.11.0
       Fresh criterion v0.5.1
       Dirty cryptkit v0.1.0 (/tmp/cargo-mutants-cryptkit-6WZ02m.tmp): the file `src/aes.rs` has changed (1789551425.448810511s, 86063520ns after last build at 1789551425.362746991s)
   Compiling cryptkit v0.1.0 (/tmp/cargo-mutants-cryptkit-6WZ02m.tmp)
     Running `/home/wyatt/.rustup/toolchains/stable-x86_64-unknown-linux-gnu/bin/rustc --crate-name cryptkit --edition=2024 src/lib.rs --error-format=json --json=diagnostic-rendered-ansi,artifacts,future-incompat --emit=dep-info,link -C embed-bitcode=no -C debuginfo=2 '--deny=clippy::unwrap_used' '--deny=clippy::panic' '--deny=clippy::indexing_slicing' '--warn=clippy::expect_used' --test --cfg 'feature="aes-gcm"' --cfg 'feature="default"' --cfg 'feature="hmac_sha256"' --check-cfg 'cfg(docsrs,test)' --check-cfg 'cfg(feature, values("aes-gcm", "default", "ed25519", "fips", "hmac_sha256"))' -C metadata=0c0973a4595ea8ce -C extra-filename=-95b9a8c5013ee89f --out-dir /var/tmp/target-mutants-cryptkit/debug/deps -C linker=cc -C incremental=/var/tmp/target-mutants-cryptkit/debug/incremental -L dependency=/var/tmp/target-mutants-cryptkit/debug/deps --extern aes_gcm=/var/tmp/target-mutants-cryptkit/debug/deps/libaes_gcm-195539f850793c8b.rlib --extern criterion=/var/tmp/target-mutants-cryptkit/debug/deps/libcriterion-4642ac1ede34e87e.rlib --extern hex=/var/tmp/target-mutants-cryptkit/debug/deps/libhex-507f14d4361566c7.rlib --extern hmac=/var/tmp/target-mutants-cryptkit/debug/deps/libhmac-5ee59e2dee43b218.rlib --extern proptest=/var/tmp/target-mutants-cryptkit/debug/deps/libproptest-50c126469657c3ba.rlib --extern rand=/var/tmp/target-mutants-cryptkit/debug/deps/librand-a9766627f8e4ac03.rlib --extern sha2=/var/tmp/target-mutants-cryptkit/debug/deps/libsha2-d3e910bd27246f79.rlib --extern subtle=/var/tmp/target-mutants-cryptkit/debug/deps/libsubtle-3141b7508162e803.rlib --extern thiserror=/var/tmp/target-mutants-cryptkit/debug/deps/libthiserror-7d88433474753d69.rlib --extern zeroize=/var/tmp/target-mutants-cryptkit/debug/deps/libzeroize-8c97f13904040412.rlib`
     Running `/home/wyatt/.rustup/toolchains/stable-x86_64-unknown-linux-gnu/bin/rustc --crate-name cryptkit --edition=2024 src/lib.rs --error-format=json --json=diagnostic-rendered-ansi,artifacts,future-incompat --crate-type lib --emit=dep-info,metadata,link -C embed-bitcode=no -C debuginfo=2 '--deny=clippy::unwrap_used' '--deny=clippy::panic' '--deny=clippy::indexing_slicing' '--warn=clippy::expect_used' --cfg 'feature="aes-gcm"' --cfg 'feature="default"' --cfg 'feature="hmac_sha256"' --check-cfg 'cfg(docsrs,test)' --check-cfg 'cfg(feature, values("aes-gcm", "default", "ed25519", "fips", "hmac_sha256"))' -C metadata=306a0519a74d305d -C extra-filename=-e8d5ce8fce12092c --out-dir /var/tmp/target-mutants-cryptkit/debug/deps -C linker=cc -C incremental=/var/tmp/target-mutants-cryptkit/debug/incremental -L dependency=/var/tmp/target-mutants-cryptkit/debug/deps --extern aes_gcm=/var/tmp/target-mutants-cryptkit/debug/deps/libaes_gcm-195539f850793c8b.rmeta --extern hmac=/var/tmp/target-mutants-cryptkit/debug/deps/libhmac-5ee59e2dee43b218.rmeta --extern rand=/var/tmp/target-mutants-cryptkit/debug/deps/librand-a9766627f8e4ac03.rmeta --extern sha2=/var/tmp/target-mutants-cryptkit/debug/deps/libsha2-d3e910bd27246f79.rmeta --extern subtle=/var/tmp/target-mutants-cryptkit/debug/deps/libsubtle-3141b7508162e803.rmeta --extern thiserror=/var/tmp/target-mutants-cryptkit/debug/deps/libthiserror-7d88433474753d69.rmeta --extern zeroize=/var/tmp/target-mutants-cryptkit/debug/deps/libzeroize-8c97f13904040412.rmeta`
warning: unused variable: `data`
  --> src/aes.rs:97:27
   |
97 |     pub fn decrypt(&self, data: &[u8]) -> Result<Vec<u8>, AesError> {
   |                           ^^^^ help: if this is intentional, prefix it with an underscore: `_data`
   |
   = note: `#[warn(unused_variables)]` (part of `#[warn(unused)]`) on by default

warning: `cryptkit` (lib) generated 1 warning (run `cargo fix --lib -p cryptkit` to apply 1 suggestion)
warning: `cryptkit` (lib test) generated 1 warning (1 duplicate)
    Finished `test` profile [unoptimized + debuginfo] target(s) in 0.86s
  Executable `/var/tmp/target-mutants-cryptkit/debug/deps/cryptkit-95b9a8c5013ee89f`

*** result: Success

*** /home/wyatt/.rustup/toolchains/stable-x86_64-unknown-linux-gnu/bin/cargo test --verbose --package=cryptkit@0.1.0
    Blocking waiting for file lock on package cache
    Blocking waiting for file lock on package cache
    Blocking waiting for file lock on package cache
    Blocking waiting for file lock on build directory
       Fresh cfg-if v1.0.4
       Fresh libc v0.2.189
       Fresh unicode-ident v1.0.24
       Fresh proc-macro2 v1.0.107
       Fresh quote v1.0.47
       Fresh version_check v0.9.5
       Fresh getrandom v0.2.17
       Fresh typenum v1.20.1
       Fresh generic-array v0.14.7
       Fresh rand_core v0.6.4
       Fresh syn v2.0.119
       Fresh crypto-common v0.1.7
       Fresh zerocopy-derive v0.8.56
       Fresh zerocopy v0.8.56
       Fresh syn v3.0.4
       Fresh subtle v2.6.1
       Fresh autocfg v1.5.1
       Fresh cpufeatures v0.2.17
       Fresh crossbeam-utils v0.8.22
       Fresh serde_core v1.0.229
       Fresh getrandom v0.3.4
       Fresh ppv-lite86 v0.2.21
       Fresh inout v0.1.4
       Fresh cipher v0.4.4
       Fresh rand_core v0.9.5
       Fresh crossbeam-epoch v0.9.20
       Fresh universal-hash v0.5.1
       Fresh serde_derive v1.0.229
       Fresh block-buffer v0.10.4
       Fresh bitflags v2.13.1
       Fresh opaque-debug v0.3.1
       Fresh once_cell v1.21.4
       Fresh regex-syntax v0.8.11
       Fresh linux-raw-sys v0.12.1
       Fresh either v1.18.0
       Fresh polyval v0.6.2
       Fresh digest v0.10.7
       Fresh serde v1.0.229
       Fresh num-traits v0.2.19
       Fresh crossbeam-deque v0.8.7
       Fresh zmij v1.0.23
       Fresh getrandom v0.4.3
       Fresh half v2.7.1
       Fresh fastrand v2.5.0
       Fresh clap_lex v1.1.0
       Fresh plotters-backend v0.3.7
       Fresh rustix v1.1.4
       Fresh anstyle v1.0.14
       Fresh ciborium-io v0.2.2
       Fresh itoa v1.0.18
       Fresh memchr v2.8.3
       Fresh ghash v0.5.1
       Fresh regex-automata v0.4.18
       Fresh itertools v0.10.5
       Fresh plotters-svg v0.3.7
       Fresh aes v0.8.4
       Fresh ctr v0.9.2
       Fresh rand_chacha v0.3.1
       Fresh thiserror-impl v2.0.20
       Fresh aead v0.5.2
       Fresh zeroize_derive v1.5.0
       Fresh clap_builder v4.6.6
       Fresh rayon-core v1.13.0
       Fresh ciborium-ll v0.2.2
       Fresh serde_json v1.0.151
       Fresh tempfile v3.27.0
       Fresh wait-timeout v0.2.1
       Fresh cast v0.3.0
       Fresh quick-error v1.2.3
       Fresh bit-vec v0.8.0
       Fresh fnv v1.0.7
       Fresh same-file v1.0.6
       Fresh plotters v0.3.7
       Fresh thiserror v2.0.20
       Fresh rand v0.8.8
       Fresh aes-gcm v0.10.3
       Fresh regex v1.13.1
       Fresh zeroize v1.9.0
       Fresh walkdir v2.5.0
       Fresh criterion-plot v0.5.0
       Fresh clap v4.6.6
       Fresh tinytemplate v1.2.1
       Fresh ciborium v0.2.2
       Fresh rusty-fork v0.3.1
       Fresh rayon v1.12.0
       Fresh bit-set v0.8.0
       Fresh sha2 v0.10.9
       Fresh hmac v0.12.1
       Fresh rand v0.9.5
       Fresh rand_chacha v0.9.0
       Fresh rand_xorshift v0.4.0
       Fresh is-terminal v0.4.17
       Fresh anes v0.1.6
       Fresh oorandom v11.1.5
       Fresh unarray v0.1.4
       Fresh proptest v1.11.0
       Fresh criterion v0.5.1
       Fresh hex v0.4.3
warning: unused variable: `data`
  --> src/aes.rs:97:27
   |
97 |     pub fn decrypt(&self, data: &[u8]) -> Result<Vec<u8>, AesError> {
   |                           ^^^^ help: if this is intentional, prefix it with an underscore: `_data`
   |
   = note: `#[warn(unused_variables)]` (part of `#[warn(unused)]`) on by default

warning: `cryptkit` (lib) generated 1 warning (run `cargo fix --lib -p cryptkit` to apply 1 suggestion)
       Fresh cryptkit v0.1.0 (/tmp/cargo-mutants-cryptkit-6WZ02m.tmp)
warning: `cryptkit` (lib test) generated 1 warning (1 duplicate)
    Finished `test` profile [unoptimized + debuginfo] target(s) in 0.11s
     Running `/var/tmp/target-mutants-cryptkit/debug/deps/cryptkit-95b9a8c5013ee89f`

running 26 tests
test aes::tests::key_bytes_round_trip ... ok
test aes::tests::decrypt_rejects_truncated_input ... FAILED
test aes::tests::empty_plaintext ... FAILED
test hash::tests::deterministic ... ok
test aes::tests::wrong_key_fails ... FAILED
test aes::tests::round_trip ... FAILED
test aes::tests::encryptor_is_zeroize_on_drop ... ok
test hmac::tests::constant_time_eq_works ... ok
test hmac::tests::deterministic ... ok
test hmac::tests::hmac_verify_rejects_wrong_length_and_zero_tags ... ok
test hash::tests::known_vector ... ok
test aes::tests::shared_handle_concurrent_roundtrip ... FAILED
test aes::tests::tampered_ciphertext_fails ... FAILED
test random::tests::two_calls_differ ... ok
test random::tests::fills_buffer ... ok
test random::tests::random_bytes_length ... ok
test hmac::tests::wrong_message_fails ... ok
test hmac::tests::wrong_key_fails ... ok
test hash::tests::different_inputs_differ ... ok
test hmac::tests::sign_and_verify ... ok
test proptests::aes_gcm_wrong_key_fails ... FAILED
test proptests::aes_gcm_roundtrip ... FAILED
test proptests::sha256_different_inputs ... ok
test proptests::hmac_sign_verify_roundtrip ... ok
test proptests::hmac_wrong_key_fails ... ok
test proptests::sha256_deterministic ... ok

failures:

---- aes::tests::decrypt_rejects_truncated_input stdout ----

thread 'aes::tests::decrypt_rejects_truncated_input' (1769061) panicked at src/aes.rs:174:13:
length 0 must be Err
note: run with `RUST_BACKTRACE=1` environment variable to display a backtrace

---- aes::tests::empty_plaintext stdout ----

thread 'aes::tests::empty_plaintext' (1769062) panicked at src/aes.rs:155:9:
assertion `left == right` failed
  left: [1]
 right: []

---- aes::tests::wrong_key_fails stdout ----

thread 'aes::tests::wrong_key_fails' (1769068) panicked at src/aes.rs:137:9:
assertion failed: enc2.decrypt(&ciphertext).is_err()

---- aes::tests::round_trip stdout ----

thread 'aes::tests::round_trip' (1769065) panicked at src/aes.rs:129:9:
assertion `left == right` failed
  left: [1]
 right: [104, 101, 108, 108, 111, 32, 119, 111, 114, 108, 100, 44, 32, 116, 104, 105, 115, 32, 105, 115, 32, 97, 32, 116, 101, 115, 116, 32, 109, 101, 115, 115, 97, 103, 101, 33]

---- aes::tests::shared_handle_concurrent_roundtrip stdout ----

thread '<unnamed>' (1769082) panicked at src/aes.rs:203:17:
assertion `left == right` failed
  left: [1]
 right: [116, 104, 114, 101, 97, 100, 45, 51, 45, 112, 97, 121, 108, 111, 97, 100]

thread '<unnamed>' (1769078) panicked at src/aes.rs:203:17:
assertion `left == right` failed
  left: [1]
 right: [116, 104, 114, 101, 97, 100, 45, 49, 45, 112, 97, 121, 108, 111, 97, 100]

thread '<unnamed>' (1769076) panicked at src/aes.rs:203:17:
assertion `left == right` failed
  left: [1]
 right: [116, 104, 114, 101, 97, 100, 45, 48, 45, 112, 97, 121, 108, 111, 97, 100]

thread '<unnamed>' (1769086) panicked at src/aes.rs:203:17:
assertion `left == right` failed
  left: [1]
 right: [116, 104, 114, 101, 97, 100, 45, 55, 45, 112, 97, 121, 108, 111, 97, 100]

thread 'aes::tests::shared_handle_concurrent_roundtrip' (1769066) panicked at src/aes.rs:207:22:
called `Result::unwrap()` on an `Err` value: Any { .. }

---- aes::tests::tampered_ciphertext_fails stdout ----

thread 'aes::tests::tampered_ciphertext_fails' (1769067) panicked at src/aes.rs:147:9:
assertion failed: enc.decrypt(&ciphertext).is_err()

---- proptests::aes_gcm_wrong_key_fails stdout ----

thread 'proptests::aes_gcm_wrong_key_fails' (1769087) panicked at src/lib.rs:55:5:
Test failed: assertion failed: enc2.decrypt(&ciphertext).is_err() at src/lib.rs:93.
minimal failing input: plaintext = "A"
	successes: 0
	local rejects: 0
	global rejects: 0


---- proptests::aes_gcm_roundtrip stdout ----

thread 'proptests::aes_gcm_roundtrip' (1769081) panicked at src/lib.rs:55:5:
Test failed: assertion failed: `(left == right)` 
  left: `[1]`,
 right: `[]` at src/lib.rs:83.
minimal failing input: plaintext = ""
	successes: 0
	local rejects: 0
	global rejects: 0



failures:
    aes::tests::decrypt_rejects_truncated_input
    aes::tests::empty_plaintext
    aes::tests::round_trip
    aes::tests::shared_handle_concurrent_roundtrip
    aes::tests::tampered_ciphertext_fails
    aes::tests::wrong_key_fails
    proptests::aes_gcm_roundtrip
    proptests::aes_gcm_wrong_key_fails

test result: FAILED. 18 passed; 8 failed; 0 ignored; 0 measured; 0 filtered out; finished in 0.35s

error: test failed, to rerun pass `-p cryptkit --lib`

*** result: Failure(101)
