
*** src/aes.rs:98:23: replace < with == in AesGcmEncryptor::decrypt

*** mutation diff:
--- src/aes.rs
+++ replace < with == in AesGcmEncryptor::decrypt
@@ -90,17 +90,17 @@
         Ok(output)
     }
 
     /// Decrypts `nonce || ciphertext` produced by [`encrypt`](Self::encrypt).
     ///
     /// # Requirements
     /// REQ-CK-002, REQ-CK-102, REQ-CK-103, REQ-CK-200
     pub fn decrypt(&self, data: &[u8]) -> Result<Vec<u8>, AesError> {
-        if data.len() < 12 {
+        if data.len() == /* ~ changed by cargo-mutants ~ */ 12 {
             return Err(AesError::Decrypt("data too short".into()));
         }
 
         let (nonce_bytes, ciphertext) = data.split_at(12);
         let nonce = Nonce::from_slice(nonce_bytes);
 
         let cipher =
             Aes256Gcm::new_from_slice(&self.key).map_err(|e| AesError::Decrypt(e.to_string()))?;


*** /home/wyatt/.rustup/toolchains/stable-x86_64-unknown-linux-gnu/bin/cargo test --no-run --verbose --package=cryptkit@0.1.0
    Blocking waiting for file lock on package cache
    Blocking waiting for file lock on package cache
    Blocking waiting for file lock on package cache
    Blocking waiting for file lock on build directory
       Fresh cfg-if v1.0.4
       Fresh unicode-ident v1.0.24
       Fresh version_check v0.9.5
       Fresh typenum v1.20.1
       Fresh subtle v2.6.1
       Fresh autocfg v1.5.1
       Fresh cpufeatures v0.2.17
       Fresh libc v0.2.189
       Fresh opaque-debug v0.3.1
       Fresh either v1.18.0
       Fresh proc-macro2 v1.0.107
       Fresh getrandom v0.2.17
       Fresh serde_core v1.0.229
       Fresh crossbeam-utils v0.8.22
       Fresh getrandom v0.3.4
       Fresh once_cell v1.21.4
       Fresh regex-syntax v0.8.11
       Fresh bitflags v2.13.1
       Fresh linux-raw-sys v0.12.1
       Fresh getrandom v0.4.3
       Fresh quote v1.0.47
       Fresh rand_core v0.6.4
       Fresh generic-array v0.14.7
       Fresh crossbeam-epoch v0.9.20
       Fresh rand_core v0.9.5
       Fresh rustix v1.1.4
       Fresh zmij v1.0.23
       Fresh num-traits v0.2.19
       Fresh clap_lex v1.1.0
       Fresh fastrand v2.5.0
       Fresh memchr v2.8.3
       Fresh anstyle v1.0.14
       Fresh ciborium-io v0.2.2
       Fresh itoa v1.0.18
       Fresh syn v2.0.119
       Fresh crypto-common v0.1.7
       Fresh syn v3.0.4
       Fresh inout v0.1.4
       Fresh block-buffer v0.10.4
       Fresh crossbeam-deque v0.8.7
       Fresh plotters-backend v0.3.7
       Fresh serde_json v1.0.151
       Fresh clap_builder v4.6.6
       Fresh tempfile v3.27.0
       Fresh regex-automata v0.4.18
       Fresh wait-timeout v0.2.1
       Fresh itertools v0.10.5
       Fresh same-file v1.0.6
       Fresh bit-vec v0.8.0
       Fresh cast v0.3.0
       Fresh zerocopy-derive v0.8.56
       Fresh cipher v0.4.4
       Fresh serde_derive v1.0.229
       Fresh universal-hash v0.5.1
       Fresh digest v0.10.7
       Fresh plotters-svg v0.3.7
       Fresh rayon-core v1.13.0
       Fresh aead v0.5.2
       Fresh thiserror-impl v2.0.20
       Fresh zeroize_derive v1.5.0
       Fresh quick-error v1.2.3
       Fresh fnv v1.0.7
       Fresh regex v1.13.1
       Fresh walkdir v2.5.0
       Fresh clap v4.6.6
       Fresh bit-set v0.8.0
       Fresh criterion-plot v0.5.0
       Fresh zerocopy v0.8.56
       Fresh polyval v0.6.2
       Fresh serde v1.0.229
       Fresh ctr v0.9.2
       Fresh aes v0.8.4
       Fresh plotters v0.3.7
       Fresh rusty-fork v0.3.1
       Fresh sha2 v0.10.9
       Fresh hmac v0.12.1
       Fresh thiserror v2.0.20
       Fresh zeroize v1.9.0
       Fresh rayon v1.12.0
       Fresh rand v0.9.5
       Fresh rand_xorshift v0.4.0
       Fresh is-terminal v0.4.17
       Fresh oorandom v11.1.5
       Fresh unarray v0.1.4
       Fresh ppv-lite86 v0.2.21
       Fresh half v2.7.1
       Fresh ghash v0.5.1
       Fresh tinytemplate v1.2.1
       Fresh anes v0.1.6
       Fresh hex v0.4.3
       Fresh rand_chacha v0.3.1
       Fresh ciborium-ll v0.2.2
       Fresh rand_chacha v0.9.0
       Fresh aes-gcm v0.10.3
       Fresh rand v0.8.8
       Fresh ciborium v0.2.2
       Fresh proptest v1.11.0
       Fresh criterion v0.5.1
warning: unused variable: `data`
  --> src/aes.rs:97:27
   |
97 |     pub fn decrypt(&self, data: &[u8]) -> Result<Vec<u8>, AesError> {
   |                           ^^^^ help: if this is intentional, prefix it with an underscore: `_data`
   |
   = note: `#[warn(unused_variables)]` (part of `#[warn(unused)]`) on by default

warning: `cryptkit` (lib) generated 1 warning (run `cargo fix --lib -p cryptkit` to apply 1 suggestion)
       Fresh cryptkit v0.1.0 (/tmp/cargo-mutants-cryptkit-2kHtTX.tmp)
warning: `cryptkit` (lib test) generated 1 warning (1 duplicate)
    Finished `test` profile [unoptimized + debuginfo] target(s) in 0.82s
  Executable `/var/tmp/target-mutants-cryptkit/debug/deps/cryptkit-95b9a8c5013ee89f`

*** result: Success

*** /home/wyatt/.rustup/toolchains/stable-x86_64-unknown-linux-gnu/bin/cargo test --verbose --package=cryptkit@0.1.0
    Blocking waiting for file lock on package cache
    Blocking waiting for file lock on package cache
    Blocking waiting for file lock on package cache
    Blocking waiting for file lock on package cache
       Fresh cfg-if v1.0.4
       Fresh unicode-ident v1.0.24
       Fresh version_check v0.9.5
       Fresh typenum v1.20.1
       Fresh subtle v2.6.1
       Fresh cpufeatures v0.2.17
       Fresh autocfg v1.5.1
       Fresh libc v0.2.189
       Fresh linux-raw-sys v0.12.1
       Fresh proc-macro2 v1.0.107
       Fresh getrandom v0.2.17
       Fresh getrandom v0.3.4
       Fresh serde_core v1.0.229
       Fresh crossbeam-utils v0.8.22
       Fresh once_cell v1.21.4
       Fresh opaque-debug v0.3.1
       Fresh either v1.18.0
       Fresh regex-syntax v0.8.11
       Fresh bitflags v2.13.1
       Fresh zmij v1.0.23
       Fresh quote v1.0.47
       Fresh generic-array v0.14.7
       Fresh rand_core v0.6.4
       Fresh crossbeam-epoch v0.9.20
       Fresh rand_core v0.9.5
       Fresh num-traits v0.2.19
       Fresh getrandom v0.4.3
       Fresh rustix v1.1.4
       Fresh memchr v2.8.3
       Fresh ciborium-io v0.2.2
       Fresh fastrand v2.5.0
       Fresh itoa v1.0.18
       Fresh clap_lex v1.1.0
       Fresh anstyle v1.0.14
       Fresh syn v2.0.119
       Fresh crypto-common v0.1.7
       Fresh syn v3.0.4
       Fresh inout v0.1.4
       Fresh block-buffer v0.10.4
       Fresh crossbeam-deque v0.8.7
       Fresh plotters-backend v0.3.7
       Fresh serde_json v1.0.151
       Fresh clap_builder v4.6.6
       Fresh tempfile v3.27.0
       Fresh regex-automata v0.4.18
       Fresh itertools v0.10.5
       Fresh wait-timeout v0.2.1
       Fresh bit-vec v0.8.0
       Fresh fnv v1.0.7
       Fresh quick-error v1.2.3
       Fresh zerocopy-derive v0.8.56
       Fresh serde_derive v1.0.229
       Fresh cipher v0.4.4
       Fresh universal-hash v0.5.1
       Fresh digest v0.10.7
       Fresh plotters-svg v0.3.7
       Fresh rayon-core v1.13.0
       Fresh zeroize_derive v1.5.0
       Fresh thiserror-impl v2.0.20
       Fresh aead v0.5.2
       Fresh same-file v1.0.6
       Fresh cast v0.3.0
       Fresh rusty-fork v0.3.1
       Fresh regex v1.13.1
       Fresh bit-set v0.8.0
       Fresh clap v4.6.6
       Fresh rand v0.9.5
       Fresh zerocopy v0.8.56
       Fresh polyval v0.6.2
       Fresh serde v1.0.229
       Fresh aes v0.8.4
       Fresh ctr v0.9.2
       Fresh thiserror v2.0.20
       Fresh zeroize v1.9.0
       Fresh sha2 v0.10.9
       Fresh criterion-plot v0.5.0
       Fresh plotters v0.3.7
       Fresh walkdir v2.5.0
       Fresh rayon v1.12.0
       Fresh hmac v0.12.1
       Fresh rand_xorshift v0.4.0
       Fresh is-terminal v0.4.17
       Fresh oorandom v11.1.5
       Fresh anes v0.1.6
       Fresh ppv-lite86 v0.2.21
       Fresh half v2.7.1
       Fresh ghash v0.5.1
       Fresh tinytemplate v1.2.1
       Fresh unarray v0.1.4
       Fresh hex v0.4.3
       Fresh rand_chacha v0.3.1
       Fresh ciborium-ll v0.2.2
       Fresh aes-gcm v0.10.3
       Fresh rand_chacha v0.9.0
       Fresh rand v0.8.8
       Fresh ciborium v0.2.2
       Fresh proptest v1.11.0
       Fresh criterion v0.5.1
warning: unused variable: `data`
  --> src/aes.rs:97:27
   |
97 |     pub fn decrypt(&self, data: &[u8]) -> Result<Vec<u8>, AesError> {
   |                           ^^^^ help: if this is intentional, prefix it with an underscore: `_data`
   |
   = note: `#[warn(unused_variables)]` (part of `#[warn(unused)]`) on by default

warning: `cryptkit` (lib) generated 1 warning (run `cargo fix --lib -p cryptkit` to apply 1 suggestion)
       Fresh cryptkit v0.1.0 (/tmp/cargo-mutants-cryptkit-2kHtTX.tmp)
warning: `cryptkit` (lib test) generated 1 warning (1 duplicate)
    Finished `test` profile [unoptimized + debuginfo] target(s) in 0.09s
     Running `/var/tmp/target-mutants-cryptkit/debug/deps/cryptkit-95b9a8c5013ee89f`

running 26 tests
test aes::tests::encryptor_is_zeroize_on_drop ... ok
test aes::tests::key_bytes_round_trip ... ok
test aes::tests::empty_plaintext ... FAILED
test aes::tests::decrypt_rejects_truncated_input ... FAILED
test aes::tests::round_trip ... FAILED
test aes::tests::tampered_ciphertext_fails ... FAILED
test hash::tests::different_inputs_differ ... ok
test aes::tests::wrong_key_fails ... FAILED
test hash::tests::deterministic ... ok
test hmac::tests::constant_time_eq_works ... ok
test hash::tests::known_vector ... ok
test hmac::tests::deterministic ... ok
test hmac::tests::sign_and_verify ... ok
test aes::tests::shared_handle_concurrent_roundtrip ... FAILED
test hmac::tests::hmac_verify_rejects_wrong_length_and_zero_tags ... ok
test hmac::tests::wrong_key_fails ... ok
test hmac::tests::wrong_message_fails ... ok
test random::tests::fills_buffer ... ok
test random::tests::random_bytes_length ... ok
test random::tests::two_calls_differ ... ok
test proptests::aes_gcm_wrong_key_fails ... FAILED
test proptests::aes_gcm_roundtrip ... FAILED
test proptests::sha256_different_inputs ... ok
test proptests::hmac_sign_verify_roundtrip ... ok
test proptests::hmac_wrong_key_fails ... ok
test proptests::sha256_deterministic ... ok

failures:

---- aes::tests::empty_plaintext stdout ----

thread 'aes::tests::empty_plaintext' (1768990) panicked at src/aes.rs:155:9:
assertion `left == right` failed
  left: [1]
 right: []

---- aes::tests::decrypt_rejects_truncated_input stdout ----

thread 'aes::tests::decrypt_rejects_truncated_input' (1768989) panicked at src/aes.rs:174:13:
length 0 must be Err
note: run with `RUST_BACKTRACE=1` environment variable to display a backtrace

---- aes::tests::round_trip stdout ----

thread 'aes::tests::round_trip' (1768993) panicked at src/aes.rs:129:9:
assertion `left == right` failed
  left: [1]
 right: [104, 101, 108, 108, 111, 32, 119, 111, 114, 108, 100, 44, 32, 116, 104, 105, 115, 32, 105, 115, 32, 97, 32, 116, 101, 115, 116, 32, 109, 101, 115, 115, 97, 103, 101, 33]

---- aes::tests::tampered_ciphertext_fails stdout ----

thread 'aes::tests::tampered_ciphertext_fails' (1768995) panicked at src/aes.rs:147:9:
assertion failed: enc.decrypt(&ciphertext).is_err()

---- aes::tests::wrong_key_fails stdout ----

thread 'aes::tests::wrong_key_fails' (1768996) panicked at src/aes.rs:137:9:
assertion failed: enc2.decrypt(&ciphertext).is_err()

---- aes::tests::shared_handle_concurrent_roundtrip stdout ----

thread '<unnamed>' (1768999) panicked at src/aes.rs:203:17:
assertion `left == right` failed
  left: [1]
 right: [116, 104, 114, 101, 97, 100, 45, 48, 45, 112, 97, 121, 108, 111, 97, 100]

thread '<unnamed>' (1769001) panicked at src/aes.rs:203:17:
assertion `left == right` failed
  left: [1]
 right: [116, 104, 114, 101, 97, 100, 45, 49, 45, 112, 97, 121, 108, 111, 97, 100]

thread '<unnamed>' (1769003) panicked at src/aes.rs:203:17:
assertion `left == right` failed
  left: [1]
 right: [116, 104, 114, 101, 97, 100, 45, 50, 45, 112, 97, 121, 108, 111, 97, 100]

thread '<unnamed>' (1769005) panicked at src/aes.rs:203:17:
assertion `left == right` failed
  left: [1]
 right: [116, 104, 114, 101, 97, 100, 45, 51, 45, 112, 97, 121, 108, 111, 97, 100]

thread '<unnamed>' (1769007) panicked at src/aes.rs:203:17:
assertion `left == right` failed
  left: [1]
 right: [116, 104, 114, 101, 97, 100, 45, 52, 45, 112, 97, 121, 108, 111, 97, 100]

thread 'aes::tests::shared_handle_concurrent_roundtrip' (1768994) panicked at src/aes.rs:207:22:
called `Result::unwrap()` on an `Err` value: Any { .. }

---- proptests::aes_gcm_wrong_key_fails stdout ----

thread 'proptests::aes_gcm_wrong_key_fails' (1769015) panicked at src/lib.rs:55:5:
Test failed: assertion failed: enc2.decrypt(&ciphertext).is_err() at src/lib.rs:93.
minimal failing input: plaintext = "a"
	successes: 0
	local rejects: 0
	global rejects: 0


---- proptests::aes_gcm_roundtrip stdout ----

thread 'proptests::aes_gcm_roundtrip' (1769014) panicked at src/lib.rs:55:5:
Test failed: assertion failed: `(left == right)` 
  left: `[1]`,
 right: `[]` at src/lib.rs:83.
minimal failing input: plaintext = ""
	successes: 0
	local rejects: 0
	global rejects: 0



failures:
    aes::tests::decrypt_rejects_truncated_input
    aes::tests::empty_plaintext
    aes::tests::round_trip
    aes::tests::shared_handle_concurrent_roundtrip
    aes::tests::tampered_ciphertext_fails
    aes::tests::wrong_key_fails
    proptests::aes_gcm_roundtrip
    proptests::aes_gcm_wrong_key_fails

test result: FAILED. 18 passed; 8 failed; 0 ignored; 0 measured; 0 filtered out; finished in 0.35s

error: test failed, to rerun pass `-p cryptkit --lib`

*** result: Failure(101)
