
*** src/random.rs:22:5: replace secure_random_bytes with ()

*** mutation diff:
--- src/random.rs
+++ replace secure_random_bytes with ()
@@ -14,17 +14,17 @@
 /// ```rust
 /// use cryptkit::random::secure_random_bytes;
 ///
 /// let mut buf = [0u8; 32];
 /// secure_random_bytes(&mut buf);
 /// // buf is now filled with random bytes
 /// ```
 pub fn secure_random_bytes(buf: &mut [u8]) {
-    rand::thread_rng().fill_bytes(buf);
+    () /* ~ changed by cargo-mutants ~ */
 }
 
 /// Generates a random byte vector of the specified length.
 ///
 /// # Example
 ///
 /// ```rust
 /// use cryptkit::random::random_bytes;


*** /home/wyatt/.rustup/toolchains/stable-x86_64-unknown-linux-gnu/bin/cargo test --no-run --verbose --package=cryptkit@0.1.0
    Blocking waiting for file lock on package cache
    Blocking waiting for file lock on package cache
    Blocking waiting for file lock on package cache
    Blocking waiting for file lock on package cache
    Blocking waiting for file lock on build directory
       Fresh cfg-if v1.0.4
       Fresh unicode-ident v1.0.24
       Fresh version_check v0.9.5
       Fresh typenum v1.20.1
       Fresh subtle v2.6.1
       Fresh cpufeatures v0.2.17
       Fresh autocfg v1.5.1
       Fresh libc v0.2.189
       Fresh bitflags v2.13.1
       Fresh proc-macro2 v1.0.107
       Fresh getrandom v0.2.17
       Fresh crossbeam-utils v0.8.22
       Fresh getrandom v0.3.4
       Fresh serde_core v1.0.229
       Fresh opaque-debug v0.3.1
       Fresh once_cell v1.21.4
       Fresh either v1.18.0
       Fresh linux-raw-sys v0.12.1
       Fresh regex-syntax v0.8.11
       Fresh quote v1.0.47
       Fresh rand_core v0.6.4
       Fresh generic-array v0.14.7
       Fresh rand_core v0.9.5
       Fresh crossbeam-epoch v0.9.20
       Fresh rustix v1.1.4
       Fresh zmij v1.0.23
       Fresh num-traits v0.2.19
       Fresh getrandom v0.4.3
       Fresh anstyle v1.0.14
       Fresh fastrand v2.5.0
       Fresh clap_lex v1.1.0
       Fresh ciborium-io v0.2.2
       Fresh itoa v1.0.18
       Fresh memchr v2.8.3
       Fresh syn v2.0.119
       Fresh crypto-common v0.1.7
       Fresh syn v3.0.4
       Fresh inout v0.1.4
       Fresh block-buffer v0.10.4
       Fresh crossbeam-deque v0.8.7
       Fresh plotters-backend v0.3.7
       Fresh clap_builder v4.6.6
       Fresh tempfile v3.27.0
       Fresh serde_json v1.0.151
       Fresh itertools v0.10.5
       Fresh regex-automata v0.4.18
       Fresh wait-timeout v0.2.1
       Fresh bit-vec v0.8.0
       Fresh fnv v1.0.7
       Fresh quick-error v1.2.3
       Fresh zerocopy-derive v0.8.56
       Fresh cipher v0.4.4
       Fresh universal-hash v0.5.1
       Fresh serde_derive v1.0.229
       Fresh digest v0.10.7
       Fresh plotters-svg v0.3.7
       Fresh thiserror-impl v2.0.20
       Fresh aead v0.5.2
       Fresh rayon-core v1.13.0
       Fresh zeroize_derive v1.5.0
       Fresh same-file v1.0.6
       Fresh cast v0.3.0
       Fresh regex v1.13.1
       Fresh rusty-fork v0.3.1
       Fresh clap v4.6.6
       Fresh bit-set v0.8.0
       Fresh rand_xorshift v0.4.0
       Fresh zerocopy v0.8.56
       Fresh polyval v0.6.2
       Fresh serde v1.0.229
       Fresh ctr v0.9.2
       Fresh aes v0.8.4
       Fresh thiserror v2.0.20
       Fresh criterion-plot v0.5.0
       Fresh sha2 v0.10.9
       Fresh plotters v0.3.7
       Fresh zeroize v1.9.0
       Fresh rayon v1.12.0
       Fresh walkdir v2.5.0
       Fresh hmac v0.12.1
       Fresh rand v0.9.5
       Fresh is-terminal v0.4.17
       Fresh anes v0.1.6
       Fresh unarray v0.1.4
       Fresh ppv-lite86 v0.2.21
       Fresh half v2.7.1
       Fresh ghash v0.5.1
       Fresh tinytemplate v1.2.1
       Fresh oorandom v11.1.5
       Fresh hex v0.4.3
       Fresh rand_chacha v0.3.1
       Fresh ciborium-ll v0.2.2
       Fresh rand_chacha v0.9.0
       Fresh aes-gcm v0.10.3
       Fresh rand v0.8.8
       Fresh ciborium v0.2.2
       Fresh proptest v1.11.0
       Fresh criterion v0.5.1
       Dirty cryptkit v0.1.0 (/tmp/cargo-mutants-cryptkit-2kHtTX.tmp): the file `src/aes.rs` has changed (1789551428.354772247s, 136001148ns after last build at 1789551428.218771099s)
   Compiling cryptkit v0.1.0 (/tmp/cargo-mutants-cryptkit-2kHtTX.tmp)
     Running `/home/wyatt/.rustup/toolchains/stable-x86_64-unknown-linux-gnu/bin/rustc --crate-name cryptkit --edition=2024 src/lib.rs --error-format=json --json=diagnostic-rendered-ansi,artifacts,future-incompat --emit=dep-info,link -C embed-bitcode=no -C debuginfo=2 '--deny=clippy::unwrap_used' '--deny=clippy::panic' '--deny=clippy::indexing_slicing' '--warn=clippy::expect_used' --test --cfg 'feature="aes-gcm"' --cfg 'feature="default"' --cfg 'feature="hmac_sha256"' --check-cfg 'cfg(docsrs,test)' --check-cfg 'cfg(feature, values("aes-gcm", "default", "ed25519", "fips", "hmac_sha256"))' -C metadata=0c0973a4595ea8ce -C extra-filename=-95b9a8c5013ee89f --out-dir /var/tmp/target-mutants-cryptkit/debug/deps -C linker=cc -C incremental=/var/tmp/target-mutants-cryptkit/debug/incremental -L dependency=/var/tmp/target-mutants-cryptkit/debug/deps --extern aes_gcm=/var/tmp/target-mutants-cryptkit/debug/deps/libaes_gcm-195539f850793c8b.rlib --extern criterion=/var/tmp/target-mutants-cryptkit/debug/deps/libcriterion-4642ac1ede34e87e.rlib --extern hex=/var/tmp/target-mutants-cryptkit/debug/deps/libhex-507f14d4361566c7.rlib --extern hmac=/var/tmp/target-mutants-cryptkit/debug/deps/libhmac-5ee59e2dee43b218.rlib --extern proptest=/var/tmp/target-mutants-cryptkit/debug/deps/libproptest-50c126469657c3ba.rlib --extern rand=/var/tmp/target-mutants-cryptkit/debug/deps/librand-a9766627f8e4ac03.rlib --extern sha2=/var/tmp/target-mutants-cryptkit/debug/deps/libsha2-d3e910bd27246f79.rlib --extern subtle=/var/tmp/target-mutants-cryptkit/debug/deps/libsubtle-3141b7508162e803.rlib --extern thiserror=/var/tmp/target-mutants-cryptkit/debug/deps/libthiserror-7d88433474753d69.rlib --extern zeroize=/var/tmp/target-mutants-cryptkit/debug/deps/libzeroize-8c97f13904040412.rlib`
     Running `/home/wyatt/.rustup/toolchains/stable-x86_64-unknown-linux-gnu/bin/rustc --crate-name cryptkit --edition=2024 src/lib.rs --error-format=json --json=diagnostic-rendered-ansi,artifacts,future-incompat --crate-type lib --emit=dep-info,metadata,link -C embed-bitcode=no -C debuginfo=2 '--deny=clippy::unwrap_used' '--deny=clippy::panic' '--deny=clippy::indexing_slicing' '--warn=clippy::expect_used' --cfg 'feature="aes-gcm"' --cfg 'feature="default"' --cfg 'feature="hmac_sha256"' --check-cfg 'cfg(docsrs,test)' --check-cfg 'cfg(feature, values("aes-gcm", "default", "ed25519", "fips", "hmac_sha256"))' -C metadata=306a0519a74d305d -C extra-filename=-e8d5ce8fce12092c --out-dir /var/tmp/target-mutants-cryptkit/debug/deps -C linker=cc -C incremental=/var/tmp/target-mutants-cryptkit/debug/incremental -L dependency=/var/tmp/target-mutants-cryptkit/debug/deps --extern aes_gcm=/var/tmp/target-mutants-cryptkit/debug/deps/libaes_gcm-195539f850793c8b.rmeta --extern hmac=/var/tmp/target-mutants-cryptkit/debug/deps/libhmac-5ee59e2dee43b218.rmeta --extern rand=/var/tmp/target-mutants-cryptkit/debug/deps/librand-a9766627f8e4ac03.rmeta --extern sha2=/var/tmp/target-mutants-cryptkit/debug/deps/libsha2-d3e910bd27246f79.rmeta --extern subtle=/var/tmp/target-mutants-cryptkit/debug/deps/libsubtle-3141b7508162e803.rmeta --extern thiserror=/var/tmp/target-mutants-cryptkit/debug/deps/libthiserror-7d88433474753d69.rmeta --extern zeroize=/var/tmp/target-mutants-cryptkit/debug/deps/libzeroize-8c97f13904040412.rmeta`
warning: unused import: `rand::RngCore`
 --> src/random.rs:3:5
  |
3 | use rand::RngCore;
  |     ^^^^^^^^^^^^^
  |
  = note: `#[warn(unused_imports)]` (part of `#[warn(unused)]`) on by default

warning: unused variable: `buf`
  --> src/random.rs:21:28
   |
21 | pub fn secure_random_bytes(buf: &mut [u8]) {
   |                            ^^^ help: if this is intentional, prefix it with an underscore: `_buf`
   |
   = note: `#[warn(unused_variables)]` (part of `#[warn(unused)]`) on by default

warning: `cryptkit` (lib) generated 2 warnings (run `cargo fix --lib -p cryptkit` to apply 2 suggestions)
warning: `cryptkit` (lib test) generated 2 warnings (2 duplicates)
    Finished `test` profile [unoptimized + debuginfo] target(s) in 0.78s
  Executable `/var/tmp/target-mutants-cryptkit/debug/deps/cryptkit-95b9a8c5013ee89f`

*** result: Success

*** /home/wyatt/.rustup/toolchains/stable-x86_64-unknown-linux-gnu/bin/cargo test --verbose --package=cryptkit@0.1.0
    Blocking waiting for file lock on package cache
    Blocking waiting for file lock on package cache
    Blocking waiting for file lock on package cache
    Blocking waiting for file lock on package cache
       Fresh cfg-if v1.0.4
       Fresh unicode-ident v1.0.24
       Fresh version_check v0.9.5
       Fresh typenum v1.20.1
       Fresh subtle v2.6.1
       Fresh cpufeatures v0.2.17
       Fresh autocfg v1.5.1
       Fresh libc v0.2.189
       Fresh opaque-debug v0.3.1
       Fresh once_cell v1.21.4
       Fresh proc-macro2 v1.0.107
       Fresh getrandom v0.2.17
       Fresh serde_core v1.0.229
       Fresh crossbeam-utils v0.8.22
       Fresh getrandom v0.3.4
       Fresh regex-syntax v0.8.11
       Fresh either v1.18.0
       Fresh linux-raw-sys v0.12.1
       Fresh bitflags v2.13.1
       Fresh getrandom v0.4.3
       Fresh quote v1.0.47
       Fresh rand_core v0.6.4
       Fresh generic-array v0.14.7
       Fresh rand_core v0.9.5
       Fresh crossbeam-epoch v0.9.20
       Fresh rustix v1.1.4
       Fresh num-traits v0.2.19
       Fresh zmij v1.0.23
       Fresh clap_lex v1.1.0
       Fresh memchr v2.8.3
       Fresh fastrand v2.5.0
       Fresh ciborium-io v0.2.2
       Fresh plotters-backend v0.3.7
       Fresh anstyle v1.0.14
       Fresh syn v2.0.119
       Fresh crypto-common v0.1.7
       Fresh syn v3.0.4
       Fresh inout v0.1.4
       Fresh block-buffer v0.10.4
       Fresh crossbeam-deque v0.8.7
       Fresh itoa v1.0.18
       Fresh clap_builder v4.6.6
       Fresh tempfile v3.27.0
       Fresh plotters-svg v0.3.7
       Fresh itertools v0.10.5
       Fresh regex-automata v0.4.18
       Fresh wait-timeout v0.2.1
       Fresh same-file v1.0.6
       Fresh quick-error v1.2.3
       Fresh bit-vec v0.8.0
       Fresh zerocopy-derive v0.8.56
       Fresh cipher v0.4.4
       Fresh universal-hash v0.5.1
       Fresh serde_derive v1.0.229
       Fresh digest v0.10.7
       Fresh serde_json v1.0.151
       Fresh zeroize_derive v1.5.0
       Fresh rayon-core v1.13.0
       Fresh aead v0.5.2
       Fresh thiserror-impl v2.0.20
       Fresh fnv v1.0.7
       Fresh cast v0.3.0
       Fresh clap v4.6.6
       Fresh bit-set v0.8.0
       Fresh regex v1.13.1
       Fresh walkdir v2.5.0
       Fresh plotters v0.3.7
       Fresh zerocopy v0.8.56
       Fresh polyval v0.6.2
       Fresh serde v1.0.229
       Fresh ctr v0.9.2
       Fresh aes v0.8.4
       Fresh zeroize v1.9.0
       Fresh sha2 v0.10.9
       Fresh rayon v1.12.0
       Fresh hmac v0.12.1
       Fresh rusty-fork v0.3.1
       Fresh criterion-plot v0.5.0
       Fresh thiserror v2.0.20
       Fresh rand_xorshift v0.4.0
       Fresh rand v0.9.5
       Fresh is-terminal v0.4.17
       Fresh anes v0.1.6
       Fresh oorandom v11.1.5
       Fresh ppv-lite86 v0.2.21
       Fresh half v2.7.1
       Fresh ghash v0.5.1
       Fresh tinytemplate v1.2.1
       Fresh unarray v0.1.4
       Fresh hex v0.4.3
       Fresh ciborium-ll v0.2.2
       Fresh rand_chacha v0.3.1
       Fresh rand_chacha v0.9.0
       Fresh aes-gcm v0.10.3
       Fresh rand v0.8.8
       Fresh ciborium v0.2.2
       Fresh proptest v1.11.0
       Fresh criterion v0.5.1
warning: unused import: `rand::RngCore`
 --> src/random.rs:3:5
  |
3 | use rand::RngCore;
  |     ^^^^^^^^^^^^^
  |
  = note: `#[warn(unused_imports)]` (part of `#[warn(unused)]`) on by default

warning: unused variable: `buf`
  --> src/random.rs:21:28
   |
21 | pub fn secure_random_bytes(buf: &mut [u8]) {
   |                            ^^^ help: if this is intentional, prefix it with an underscore: `_buf`
   |
   = note: `#[warn(unused_variables)]` (part of `#[warn(unused)]`) on by default

warning: `cryptkit` (lib) generated 2 warnings (run `cargo fix --lib -p cryptkit` to apply 2 suggestions)
       Fresh cryptkit v0.1.0 (/tmp/cargo-mutants-cryptkit-2kHtTX.tmp)
warning: `cryptkit` (lib test) generated 2 warnings (2 duplicates)
    Finished `test` profile [unoptimized + debuginfo] target(s) in 0.08s
     Running `/var/tmp/target-mutants-cryptkit/debug/deps/cryptkit-95b9a8c5013ee89f`

running 26 tests
test aes::tests::decrypt_rejects_truncated_input ... ok
test aes::tests::encryptor_is_zeroize_on_drop ... ok
test aes::tests::key_bytes_round_trip ... ok
test aes::tests::empty_plaintext ... ok
test aes::tests::round_trip ... ok
test aes::tests::tampered_ciphertext_fails ... ok
test aes::tests::wrong_key_fails ... FAILED
test hash::tests::deterministic ... ok
test hmac::tests::constant_time_eq_works ... ok
test hmac::tests::sign_and_verify ... ok
test hmac::tests::hmac_verify_rejects_wrong_length_and_zero_tags ... ok
test random::tests::random_bytes_length ... ok
test hmac::tests::wrong_message_fails ... ok
test hash::tests::different_inputs_differ ... ok
test random::tests::two_calls_differ ... FAILED
test hmac::tests::wrong_key_fails ... ok
test hash::tests::known_vector ... ok
test aes::tests::shared_handle_concurrent_roundtrip ... ok
test hmac::tests::deterministic ... ok
test random::tests::fills_buffer ... FAILED
test proptests::aes_gcm_wrong_key_fails ... FAILED
test proptests::hmac_sign_verify_roundtrip ... ok
test proptests::sha256_different_inputs ... ok
test proptests::sha256_deterministic ... ok
test proptests::hmac_wrong_key_fails ... ok
test proptests::aes_gcm_roundtrip ... ok

failures:

---- aes::tests::wrong_key_fails stdout ----

thread 'aes::tests::wrong_key_fails' (1770461) panicked at src/aes.rs:149:9:
assertion failed: enc2.decrypt(&ciphertext).is_err()
note: run with `RUST_BACKTRACE=1` environment variable to display a backtrace

---- random::tests::two_calls_differ stdout ----

thread 'random::tests::two_calls_differ' (1770485) panicked at src/random.rs:74:9:
assertion `left != right` failed
  left: [0, 0, 0, 0, 0, 0, 0, 0, 0, 0, 0, 0, 0, 0, 0, 0, 0, 0, 0, 0, 0, 0, 0, 0, 0, 0, 0, 0, 0, 0, 0, 0]
 right: [0, 0, 0, 0, 0, 0, 0, 0, 0, 0, 0, 0, 0, 0, 0, 0, 0, 0, 0, 0, 0, 0, 0, 0, 0, 0, 0, 0, 0, 0, 0, 0]

---- random::tests::fills_buffer stdout ----

thread 'random::tests::fills_buffer' (1770482) panicked at src/random.rs:59:9:
assertion `left != right` failed
  left: [0, 0, 0, 0, 0, 0, 0, 0, 0, 0, 0, 0, 0, 0, 0, 0, 0, 0, 0, 0, 0, 0, 0, 0, 0, 0, 0, 0, 0, 0, 0, 0, 0, 0, 0, 0, 0, 0, 0, 0, 0, 0, 0, 0, 0, 0, 0, 0, 0, 0, 0, 0, 0, 0, 0, 0, 0, 0, 0, 0, 0, 0, 0, 0]
 right: [0, 0, 0, 0, 0, 0, 0, 0, 0, 0, 0, 0, 0, 0, 0, 0, 0, 0, 0, 0, 0, 0, 0, 0, 0, 0, 0, 0, 0, 0, 0, 0, 0, 0, 0, 0, 0, 0, 0, 0, 0, 0, 0, 0, 0, 0, 0, 0, 0, 0, 0, 0, 0, 0, 0, 0, 0, 0, 0, 0, 0, 0, 0, 0]

---- proptests::aes_gcm_wrong_key_fails stdout ----

thread 'proptests::aes_gcm_wrong_key_fails' (1770477) panicked at src/lib.rs:55:5:
Test failed: assertion failed: enc2.decrypt(&ciphertext).is_err() at src/lib.rs:93.
minimal failing input: plaintext = "a"
	successes: 0
	local rejects: 0
	global rejects: 0



failures:
    aes::tests::wrong_key_fails
    proptests::aes_gcm_wrong_key_fails
    random::tests::fills_buffer
    random::tests::two_calls_differ

test result: FAILED. 22 passed; 4 failed; 0 ignored; 0 measured; 0 filtered out; finished in 0.47s

error: test failed, to rerun pass `-p cryptkit --lib`

*** result: Failure(101)
