
*** src/aes.rs:63:9: replace AesGcmEncryptor::generate -> Result<Self, AesError> with Ok(Default::default())

*** mutation diff:
--- src/aes.rs
+++ replace AesGcmEncryptor::generate -> Result<Self, AesError> with Ok(Default::default())
@@ -55,19 +55,17 @@
 impl AesGcmEncryptor {
     /// Creates an encryptor from an existing 32-byte key.
     pub fn new(key: [u8; 32]) -> Result<Self, AesError> {
         Ok(Self { key })
     }
 
     /// Generates a cryptographically random key and returns an encryptor.
     pub fn generate() -> Result<Self, AesError> {
-        let mut key = [0u8; 32];
-        random::secure_random_bytes(&mut key);
-        Ok(Self { key })
+        Ok(Default::default()) /* ~ changed by cargo-mutants ~ */
     }
 
     /// Encrypts plaintext. Returns `nonce || ciphertext`.
     ///
     /// The first 12 bytes are the nonce, the rest is the AES-GCM ciphertext
     /// including the 16-byte authentication tag.
     ///
     /// # Requirements


*** /home/wyatt/.rustup/toolchains/stable-x86_64-unknown-linux-gnu/bin/cargo test --no-run --verbose --package=cryptkit@0.1.0
    Blocking waiting for file lock on package cache
    Blocking waiting for file lock on build directory
       Fresh cfg-if v1.0.4
       Fresh libc v0.2.189
       Fresh unicode-ident v1.0.24
       Fresh version_check v0.9.5
       Fresh typenum v1.20.1
       Fresh subtle v2.6.1
       Fresh cpufeatures v0.2.17
       Fresh autocfg v1.5.1
       Fresh getrandom v0.2.17
       Fresh opaque-debug v0.3.1
       Fresh proc-macro2 v1.0.107
       Fresh rand_core v0.6.4
       Fresh getrandom v0.3.4
       Fresh serde_core v1.0.229
       Fresh crossbeam-utils v0.8.22
       Fresh once_cell v1.21.4
       Fresh regex-syntax v0.8.11
       Fresh bitflags v2.13.1
       Fresh either v1.18.0
       Fresh linux-raw-sys v0.12.1
       Fresh getrandom v0.4.3
       Fresh quote v1.0.47
       Fresh generic-array v0.14.7
       Fresh rand_core v0.9.5
       Fresh crossbeam-epoch v0.9.20
       Fresh rustix v1.1.4
       Fresh num-traits v0.2.19
       Fresh zmij v1.0.23
       Fresh fastrand v2.5.0
       Fresh clap_lex v1.1.0
       Fresh anstyle v1.0.14
       Fresh memchr v2.8.3
       Fresh itoa v1.0.18
       Fresh plotters-backend v0.3.7
       Fresh ciborium-io v0.2.2
       Fresh regex-automata v0.4.18
       Fresh syn v2.0.119
       Fresh crypto-common v0.1.7
       Fresh syn v3.0.4
       Fresh inout v0.1.4
       Fresh block-buffer v0.10.4
       Fresh crossbeam-deque v0.8.7
       Fresh serde_json v1.0.151
       Fresh clap_builder v4.6.6
       Fresh tempfile v3.27.0
       Fresh plotters-svg v0.3.7
       Fresh itertools v0.10.5
       Fresh wait-timeout v0.2.1
       Fresh cast v0.3.0
       Fresh same-file v1.0.6
       Fresh bit-vec v0.8.0
       Fresh fnv v1.0.7
       Fresh zerocopy-derive v0.8.56
       Fresh serde_derive v1.0.229
       Fresh cipher v0.4.4
       Fresh universal-hash v0.5.1
       Fresh digest v0.10.7
       Fresh zeroize_derive v1.5.0
       Fresh aead v0.5.2
       Fresh rayon-core v1.13.0
       Fresh thiserror-impl v2.0.20
       Fresh quick-error v1.2.3
       Fresh plotters v0.3.7
       Fresh bit-set v0.8.0
       Fresh clap v4.6.6
       Fresh walkdir v2.5.0
       Fresh criterion-plot v0.5.0
       Fresh regex v1.13.1
       Fresh rand v0.9.5
       Fresh zerocopy v0.8.56
       Fresh polyval v0.6.2
       Fresh serde v1.0.229
       Fresh aes v0.8.4
       Fresh ctr v0.9.2
       Fresh rayon v1.12.0
       Fresh thiserror v2.0.20
       Fresh zeroize v1.9.0
       Fresh rusty-fork v0.3.1
       Fresh sha2 v0.10.9
       Fresh hmac v0.12.1
       Fresh rand_xorshift v0.4.0
       Fresh is-terminal v0.4.17
       Fresh oorandom v11.1.5
       Fresh anes v0.1.6
       Fresh unarray v0.1.4
       Fresh hex v0.4.3
       Fresh ppv-lite86 v0.2.21
       Fresh half v2.7.1
       Fresh ghash v0.5.1
       Fresh tinytemplate v1.2.1
       Fresh rand_chacha v0.3.1
       Fresh ciborium-ll v0.2.2
       Fresh rand_chacha v0.9.0
       Fresh aes-gcm v0.10.3
       Fresh rand v0.8.8
       Fresh ciborium v0.2.2
       Fresh proptest v1.11.0
       Fresh criterion v0.5.1
warning: unused variable: `a`
  --> src/hmac.rs:77:25
   |
77 | pub fn constant_time_eq(a: &[u8], b: &[u8]) -> bool {
   |                         ^ help: if this is intentional, prefix it with an underscore: `_a`
   |
   = note: `#[warn(unused_variables)]` (part of `#[warn(unused)]`) on by default

warning: unused variable: `b`
  --> src/hmac.rs:77:35
   |
77 | pub fn constant_time_eq(a: &[u8], b: &[u8]) -> bool {
   |                                   ^ help: if this is intentional, prefix it with an underscore: `_b`

warning: `cryptkit` (lib) generated 2 warnings (run `cargo fix --lib -p cryptkit` to apply 2 suggestions)
       Fresh cryptkit v0.1.0 (/tmp/cargo-mutants-cryptkit-6WZ02m.tmp)
warning: `cryptkit` (lib test) generated 2 warnings (2 duplicates)
    Finished `test` profile [unoptimized + debuginfo] target(s) in 0.57s
  Executable `/var/tmp/target-mutants-cryptkit/debug/deps/cryptkit-95b9a8c5013ee89f`

*** result: Success

*** /home/wyatt/.rustup/toolchains/stable-x86_64-unknown-linux-gnu/bin/cargo test --verbose --package=cryptkit@0.1.0
    Blocking waiting for file lock on package cache
    Blocking waiting for file lock on package cache
    Blocking waiting for file lock on package cache
    Blocking waiting for file lock on build directory
       Fresh cfg-if v1.0.4
       Fresh libc v0.2.189
       Fresh unicode-ident v1.0.24
       Fresh proc-macro2 v1.0.107
       Fresh quote v1.0.47
       Fresh version_check v0.9.5
       Fresh getrandom v0.2.17
       Fresh typenum v1.20.1
       Fresh generic-array v0.14.7
       Fresh rand_core v0.6.4
       Fresh syn v2.0.119
       Fresh syn v3.0.4
       Fresh subtle v2.6.1
       Fresh cpufeatures v0.2.17
       Fresh autocfg v1.5.1
       Fresh inout v0.1.4
       Fresh crypto-common v0.1.7
       Fresh zerocopy-derive v0.8.56
       Fresh serde_derive v1.0.229
       Fresh block-buffer v0.10.4
       Fresh opaque-debug v0.3.1
       Fresh zerocopy v0.8.56
       Fresh serde_core v1.0.229
       Fresh crossbeam-utils v0.8.22
       Fresh getrandom v0.3.4
       Fresh universal-hash v0.5.1
       Fresh cipher v0.4.4
       Fresh once_cell v1.21.4
       Fresh either v1.18.0
       Fresh regex-syntax v0.8.11
       Fresh linux-raw-sys v0.12.1
       Fresh bitflags v2.13.1
       Fresh zmij v1.0.23
       Fresh digest v0.10.7
       Fresh getrandom v0.4.3
       Fresh ppv-lite86 v0.2.21
       Fresh crossbeam-epoch v0.9.20
       Fresh rand_core v0.9.5
       Fresh rustix v1.1.4
       Fresh num-traits v0.2.19
       Fresh polyval v0.6.2
       Fresh serde v1.0.229
       Fresh half v2.7.1
       Fresh fastrand v2.5.0
       Fresh memchr v2.8.3
       Fresh ciborium-io v0.2.2
       Fresh plotters-backend v0.3.7
       Fresh clap_lex v1.1.0
       Fresh itoa v1.0.18
       Fresh anstyle v1.0.14
       Fresh crossbeam-deque v0.8.7
       Fresh rand_chacha v0.3.1
       Fresh ciborium-ll v0.2.2
       Fresh clap_builder v4.6.6
       Fresh ghash v0.5.1
       Fresh plotters-svg v0.3.7
       Fresh tempfile v3.27.0
       Fresh serde_json v1.0.151
       Fresh aes v0.8.4
       Fresh itertools v0.10.5
       Fresh ctr v0.9.2
       Fresh regex-automata v0.4.18
       Fresh aead v0.5.2
       Fresh zeroize_derive v1.5.0
       Fresh thiserror-impl v2.0.20
       Fresh wait-timeout v0.2.1
       Fresh rayon-core v1.13.0
       Fresh quick-error v1.2.3
       Fresh bit-vec v0.8.0
       Fresh fnv v1.0.7
       Fresh cast v0.3.0
       Fresh same-file v1.0.6
       Fresh thiserror v2.0.20
       Fresh tinytemplate v1.2.1
       Fresh plotters v0.3.7
       Fresh ciborium v0.2.2
       Fresh zeroize v1.9.0
       Fresh rand v0.8.8
       Fresh aes-gcm v0.10.3
       Fresh regex v1.13.1
       Fresh clap v4.6.6
       Fresh rand v0.9.5
       Fresh rand_xorshift v0.4.0
       Fresh bit-set v0.8.0
       Fresh rusty-fork v0.3.1
       Fresh rayon v1.12.0
       Fresh walkdir v2.5.0
       Fresh criterion-plot v0.5.0
       Fresh rand_chacha v0.9.0
       Fresh sha2 v0.10.9
       Fresh hmac v0.12.1
       Fresh is-terminal v0.4.17
       Fresh oorandom v11.1.5
       Fresh unarray v0.1.4
       Fresh anes v0.1.6
       Fresh hex v0.4.3
       Fresh proptest v1.11.0
       Fresh criterion v0.5.1
warning: unused variable: `a`
  --> src/hmac.rs:77:25
   |
77 | pub fn constant_time_eq(a: &[u8], b: &[u8]) -> bool {
   |                         ^ help: if this is intentional, prefix it with an underscore: `_a`
   |
   = note: `#[warn(unused_variables)]` (part of `#[warn(unused)]`) on by default

warning: unused variable: `b`
  --> src/hmac.rs:77:35
   |
77 | pub fn constant_time_eq(a: &[u8], b: &[u8]) -> bool {
   |                                   ^ help: if this is intentional, prefix it with an underscore: `_b`

warning: `cryptkit` (lib) generated 2 warnings (run `cargo fix --lib -p cryptkit` to apply 2 suggestions)
       Fresh cryptkit v0.1.0 (/tmp/cargo-mutants-cryptkit-6WZ02m.tmp)
warning: `cryptkit` (lib test) generated 2 warnings (2 duplicates)
    Finished `test` profile [unoptimized + debuginfo] target(s) in 0.14s
     Running `/var/tmp/target-mutants-cryptkit/debug/deps/cryptkit-95b9a8c5013ee89f`

running 26 tests
test aes::tests::decrypt_rejects_truncated_input ... ok
test hash::tests::known_vector ... ok
test hmac::tests::constant_time_eq_works ... FAILED
test aes::tests::empty_plaintext ... ok
test aes::tests::tampered_ciphertext_fails ... ok
test hmac::tests::deterministic ... ok
test hash::tests::deterministic ... ok
test aes::tests::encryptor_is_zeroize_on_drop ... ok
test aes::tests::key_bytes_round_trip ... ok
test hmac::tests::sign_and_verify ... ok
test aes::tests::round_trip ... ok
test hmac::tests::hmac_verify_rejects_wrong_length_and_zero_tags ... ok
test hmac::tests::wrong_message_fails ... ok
test random::tests::fills_buffer ... ok
test random::tests::two_calls_differ ... ok
test random::tests::random_bytes_length ... ok
test aes::tests::wrong_key_fails ... ok
test aes::tests::shared_handle_concurrent_roundtrip ... ok
test hmac::tests::wrong_key_fails ... ok
test hash::tests::different_inputs_differ ... ok
test proptests::sha256_different_inputs ... ok
test proptests::aes_gcm_wrong_key_fails ... ok
test proptests::hmac_sign_verify_roundtrip ... ok
test proptests::hmac_wrong_key_fails ... ok
test proptests::sha256_deterministic ... ok
test proptests::aes_gcm_roundtrip ... ok

failures:

---- hmac::tests::constant_time_eq_works stdout ----

thread 'hmac::tests::constant_time_eq_works' (1767650) panicked at src/hmac.rs:114:9:
assertion failed: constant_time_eq(b"abc", b"abc")
note: run with `RUST_BACKTRACE=1` environment variable to display a backtrace


failures:
    hmac::tests::constant_time_eq_works

test result: FAILED. 25 passed; 1 failed; 0 ignored; 0 measured; 0 filtered out; finished in 0.54s

error: test failed, to rerun pass `-p cryptkit --lib`

*** result: Failure(101)
