
*** src/aes.rs:76:9: replace AesGcmEncryptor::encrypt -> Result<Vec<u8>, AesError> with Ok(vec![0])

*** mutation diff:
--- src/aes.rs
+++ replace AesGcmEncryptor::encrypt -> Result<Vec<u8>, AesError> with Ok(vec![0])
@@ -68,31 +68,17 @@
     /// Encrypts plaintext. Returns `nonce || ciphertext`.
     ///
     /// The first 12 bytes are the nonce, the rest is the AES-GCM ciphertext
     /// including the 16-byte authentication tag.
     ///
     /// # Requirements
     /// REQ-CK-002
     pub fn encrypt(&self, plaintext: &[u8]) -> Result<Vec<u8>, AesError> {
-        let cipher =
-            Aes256Gcm::new_from_slice(&self.key).map_err(|e| AesError::Encrypt(e.to_string()))?;
-
-        let mut nonce_bytes = [0u8; 12];
-        random::secure_random_bytes(&mut nonce_bytes);
-        let nonce = Nonce::from_slice(&nonce_bytes);
-
-        let ciphertext = cipher
-            .encrypt(nonce, plaintext)
-            .map_err(|e| AesError::Encrypt(e.to_string()))?;
-
-        let mut output = Vec::with_capacity(12 + ciphertext.len());
-        output.extend_from_slice(&nonce_bytes);
-        output.extend_from_slice(&ciphertext);
-        Ok(output)
+        Ok(vec![0]) /* ~ changed by cargo-mutants ~ */
     }
 
     /// Decrypts `nonce || ciphertext` produced by [`encrypt`](Self::encrypt).
     ///
     /// # Requirements
     /// REQ-CK-002, REQ-CK-102, REQ-CK-103, REQ-CK-200
     pub fn decrypt(&self, data: &[u8]) -> Result<Vec<u8>, AesError> {
         if data.len() < 12 {


*** /home/wyatt/.rustup/toolchains/1.94.1-x86_64-unknown-linux-gnu/bin/cargo test --no-run --verbose --package=cryptkit@0.1.0 --all-features
       Fresh cfg-if v1.0.4
       Fresh libc v0.2.189
       Fresh unicode-ident v1.0.24
       Fresh proc-macro2 v1.0.107
       Fresh quote v1.0.47
       Fresh version_check v0.9.5
       Fresh getrandom v0.2.17
       Fresh typenum v1.20.1
       Fresh generic-array v0.14.7
       Fresh rand_core v0.6.4
       Fresh syn v2.0.119
       Fresh crypto-common v0.1.7
       Fresh zerocopy-derive v0.8.56
       Fresh zerocopy v0.8.56
       Fresh subtle v2.6.1
       Fresh syn v3.0.4
       Fresh cpufeatures v0.2.17
       Fresh block-buffer v0.10.4
       Fresh autocfg v1.5.1
       Fresh semver v1.0.28
       Fresh rustc_version v0.4.1
       Fresh digest v0.10.7
       Fresh serde_core v1.0.229
       Fresh crossbeam-utils v0.8.22
       Fresh getrandom v0.3.4
       Fresh ppv-lite86 v0.2.21
       Fresh inout v0.1.4
       Fresh shlex v2.0.1
       Fresh find-msvc-tools v0.1.11
       Fresh cc v1.4.4
       Fresh cipher v0.4.4
       Fresh rand_core v0.9.5
       Fresh crossbeam-epoch v0.9.20
       Fresh serde_derive v1.0.229
       Fresh universal-hash v0.5.1
       Fresh zeroize_derive v1.5.0
       Fresh once_cell v1.21.4
       Fresh linux-raw-sys v0.12.1
       Fresh regex-syntax v0.8.11
       Fresh opaque-debug v0.3.1
       Fresh either v1.18.0
       Fresh bitflags v2.13.1
       Fresh rustix v1.1.4
       Fresh polyval v0.6.2
       Fresh zeroize v1.9.0
       Fresh serde v1.0.229
       Fresh num-traits v0.2.19
       Fresh crossbeam-deque v0.8.7
       Fresh zmij v1.0.23
       Fresh getrandom v0.4.3
       Fresh half v2.7.1
       Fresh curve25519-dalek-derive v0.1.1
       Fresh anstyle v1.0.14
       Fresh itoa v1.0.18
       Fresh memchr v2.8.3
       Fresh clap_lex v1.1.0
       Fresh fastrand v2.5.0
       Fresh ciborium-io v0.2.2
       Fresh plotters-backend v0.3.7
       Fresh signature v2.2.0
       Fresh ed25519 v2.2.3
       Fresh plotters-svg v0.3.7
       Fresh ciborium-ll v0.2.2
       Fresh tempfile v3.27.0
       Fresh clap_builder v4.6.6
       Fresh serde_json v1.0.151
       Fresh curve25519-dalek v4.1.3
       Fresh rayon-core v1.13.0
       Fresh ghash v0.5.1
       Fresh itertools v0.10.5
       Fresh regex-automata v0.4.18
       Fresh ctr v0.9.2
       Fresh aes v0.8.4
       Fresh rand_chacha v0.3.1
       Fresh sha2 v0.10.9
       Fresh thiserror-impl v2.0.20
       Fresh aead v0.5.2
       Fresh wait-timeout v0.2.1
       Fresh untrusted v0.9.0
       Fresh quick-error v1.2.3
       Fresh bit-vec v0.8.0
       Fresh same-file v1.0.6
       Fresh cast v0.3.0
       Fresh fnv v1.0.7
       Fresh rusty-fork v0.3.1
       Fresh criterion-plot v0.5.0
       Fresh walkdir v2.5.0
       Fresh bit-set v0.8.0
       Fresh ring v0.17.14
       Fresh aes-gcm v0.10.3
       Fresh thiserror v2.0.20
       Fresh ed25519-dalek v2.2.0
       Fresh rand v0.8.8
       Fresh regex v1.13.1
       Fresh rayon v1.12.0
       Fresh tinytemplate v1.2.1
       Fresh clap v4.6.6
       Fresh ciborium v0.2.2
       Fresh plotters v0.3.7
       Fresh rand v0.9.5
       Fresh rand_chacha v0.9.0
       Fresh rand_xorshift v0.4.0
       Fresh hmac v0.12.1
       Fresh is-terminal v0.4.17
       Fresh oorandom v11.1.5
       Fresh unarray v0.1.4
       Fresh anes v0.1.6
       Fresh criterion v0.5.1
       Fresh proptest v1.11.0
       Fresh hex v0.4.3
       Dirty cryptkit v0.1.0 (/tmp/cargo-mutants-cryptkit-NIFqB4.tmp): couldn't read metadata for file `target/debug/deps/libcryptkit-c200848caca6bcd6.rlib`
   Compiling cryptkit v0.1.0 (/tmp/cargo-mutants-cryptkit-NIFqB4.tmp)
     Running `/home/wyatt/.rustup/toolchains/1.94.1-x86_64-unknown-linux-gnu/bin/rustc --crate-name cryptkit --edition=2024 src/lib.rs --error-format=json --json=diagnostic-rendered-ansi,artifacts,future-incompat --crate-type lib --emit=dep-info,metadata,link -C embed-bitcode=no -C debuginfo=2 '--deny=clippy::unwrap_used' '--deny=clippy::panic' '--deny=clippy::indexing_slicing' '--warn=clippy::expect_used' --cfg 'feature="aes-gcm"' --cfg 'feature="default"' --cfg 'feature="ed25519"' --cfg 'feature="fips"' --cfg 'feature="hmac_sha256"' --check-cfg 'cfg(docsrs,test)' --check-cfg 'cfg(feature, values("aes-gcm", "default", "ed25519", "fips", "hmac_sha256"))' -C metadata=118fcabe23d8b160 -C extra-filename=-c200848caca6bcd6 --out-dir /tmp/cargo-mutants-cryptkit-NIFqB4.tmp/target/debug/deps -C incremental=/tmp/cargo-mutants-cryptkit-NIFqB4.tmp/target/debug/incremental -L dependency=/tmp/cargo-mutants-cryptkit-NIFqB4.tmp/target/debug/deps --extern aes_gcm=/tmp/cargo-mutants-cryptkit-NIFqB4.tmp/target/debug/deps/libaes_gcm-38c4e08b316d4e40.rmeta --extern ed25519_dalek=/tmp/cargo-mutants-cryptkit-NIFqB4.tmp/target/debug/deps/libed25519_dalek-72890664638d8671.rmeta --extern hmac=/tmp/cargo-mutants-cryptkit-NIFqB4.tmp/target/debug/deps/libhmac-3e6ab4ea8ad081a2.rmeta --extern rand=/tmp/cargo-mutants-cryptkit-NIFqB4.tmp/target/debug/deps/librand-cc5846346a3964c1.rmeta --extern ring=/tmp/cargo-mutants-cryptkit-NIFqB4.tmp/target/debug/deps/libring-8b33fc9a0b667918.rmeta --extern sha2=/tmp/cargo-mutants-cryptkit-NIFqB4.tmp/target/debug/deps/libsha2-485c0a4d77446f7c.rmeta --extern subtle=/tmp/cargo-mutants-cryptkit-NIFqB4.tmp/target/debug/deps/libsubtle-ff03f4f39ef8eb54.rmeta --extern thiserror=/tmp/cargo-mutants-cryptkit-NIFqB4.tmp/target/debug/deps/libthiserror-7b669cdac049ce12.rmeta --extern zeroize=/tmp/cargo-mutants-cryptkit-NIFqB4.tmp/target/debug/deps/libzeroize-aec5ebca0604b571.rmeta -L native=/tmp/cargo-mutants-cryptkit-NIFqB4.tmp/target/debug/build/ring-641c04dac0274cef/out`
warning: unused variable: `plaintext`
  --> src/aes.rs:75:27
   |
75 |     pub fn encrypt(&self, plaintext: &[u8]) -> Result<Vec<u8>, AesError> {
   |                           ^^^^^^^^^ help: if this is intentional, prefix it with an underscore: `_plaintext`
   |
   = note: `#[warn(unused_variables)]` (part of `#[warn(unused)]`) on by default

warning: `cryptkit` (lib) generated 1 warning (run `cargo fix --lib -p cryptkit` to apply 1 suggestion)
     Running `/home/wyatt/.rustup/toolchains/1.94.1-x86_64-unknown-linux-gnu/bin/rustc --crate-name cryptkit --edition=2024 src/lib.rs --error-format=json --json=diagnostic-rendered-ansi,artifacts,future-incompat --emit=dep-info,link -C embed-bitcode=no -C debuginfo=2 '--deny=clippy::unwrap_used' '--deny=clippy::panic' '--deny=clippy::indexing_slicing' '--warn=clippy::expect_used' --test --cfg 'feature="aes-gcm"' --cfg 'feature="default"' --cfg 'feature="ed25519"' --cfg 'feature="fips"' --cfg 'feature="hmac_sha256"' --check-cfg 'cfg(docsrs,test)' --check-cfg 'cfg(feature, values("aes-gcm", "default", "ed25519", "fips", "hmac_sha256"))' -C metadata=2bce770f1722be39 -C extra-filename=-b6c771eb787b92c6 --out-dir /tmp/cargo-mutants-cryptkit-NIFqB4.tmp/target/debug/deps -C incremental=/tmp/cargo-mutants-cryptkit-NIFqB4.tmp/target/debug/incremental -L dependency=/tmp/cargo-mutants-cryptkit-NIFqB4.tmp/target/debug/deps --extern aes_gcm=/tmp/cargo-mutants-cryptkit-NIFqB4.tmp/target/debug/deps/libaes_gcm-38c4e08b316d4e40.rlib --extern criterion=/tmp/cargo-mutants-cryptkit-NIFqB4.tmp/target/debug/deps/libcriterion-6bd0b8a0f0588da5.rlib --extern ed25519_dalek=/tmp/cargo-mutants-cryptkit-NIFqB4.tmp/target/debug/deps/libed25519_dalek-72890664638d8671.rlib --extern hex=/tmp/cargo-mutants-cryptkit-NIFqB4.tmp/target/debug/deps/libhex-e5ec8a81ee0bf6d9.rlib --extern hmac=/tmp/cargo-mutants-cryptkit-NIFqB4.tmp/target/debug/deps/libhmac-3e6ab4ea8ad081a2.rlib --extern proptest=/tmp/cargo-mutants-cryptkit-NIFqB4.tmp/target/debug/deps/libproptest-4294553526aa0e3d.rlib --extern rand=/tmp/cargo-mutants-cryptkit-NIFqB4.tmp/target/debug/deps/librand-cc5846346a3964c1.rlib --extern ring=/tmp/cargo-mutants-cryptkit-NIFqB4.tmp/target/debug/deps/libring-8b33fc9a0b667918.rlib --extern sha2=/tmp/cargo-mutants-cryptkit-NIFqB4.tmp/target/debug/deps/libsha2-485c0a4d77446f7c.rlib --extern subtle=/tmp/cargo-mutants-cryptkit-NIFqB4.tmp/target/debug/deps/libsubtle-ff03f4f39ef8eb54.rlib --extern thiserror=/tmp/cargo-mutants-cryptkit-NIFqB4.tmp/target/debug/deps/libthiserror-7b669cdac049ce12.rlib --extern zeroize=/tmp/cargo-mutants-cryptkit-NIFqB4.tmp/target/debug/deps/libzeroize-aec5ebca0604b571.rlib -L native=/tmp/cargo-mutants-cryptkit-NIFqB4.tmp/target/debug/build/ring-641c04dac0274cef/out`
warning: `cryptkit` (lib test) generated 1 warning (1 duplicate)
    Finished `test` profile [unoptimized + debuginfo] target(s) in 4.40s
  Executable `/tmp/cargo-mutants-cryptkit-NIFqB4.tmp/target/debug/deps/cryptkit-b6c771eb787b92c6`

*** result: Success

*** /home/wyatt/.rustup/toolchains/1.94.1-x86_64-unknown-linux-gnu/bin/cargo test --verbose --package=cryptkit@0.1.0 --all-features
       Fresh cfg-if v1.0.4
       Fresh libc v0.2.189
       Fresh unicode-ident v1.0.24
       Fresh proc-macro2 v1.0.107
       Fresh quote v1.0.47
       Fresh version_check v0.9.5
       Fresh getrandom v0.2.17
       Fresh typenum v1.20.1
       Fresh generic-array v0.14.7
       Fresh rand_core v0.6.4
       Fresh syn v2.0.119
       Fresh crypto-common v0.1.7
       Fresh zerocopy-derive v0.8.56
       Fresh zerocopy v0.8.56
       Fresh subtle v2.6.1
       Fresh syn v3.0.4
       Fresh cpufeatures v0.2.17
       Fresh block-buffer v0.10.4
       Fresh semver v1.0.28
       Fresh autocfg v1.5.1
       Fresh rustc_version v0.4.1
       Fresh digest v0.10.7
       Fresh serde_core v1.0.229
       Fresh crossbeam-utils v0.8.22
       Fresh getrandom v0.3.4
       Fresh ppv-lite86 v0.2.21
       Fresh inout v0.1.4
       Fresh find-msvc-tools v0.1.11
       Fresh shlex v2.0.1
       Fresh cc v1.4.4
       Fresh cipher v0.4.4
       Fresh rand_core v0.9.5
       Fresh crossbeam-epoch v0.9.20
       Fresh serde_derive v1.0.229
       Fresh universal-hash v0.5.1
       Fresh zeroize_derive v1.5.0
       Fresh bitflags v2.13.1
       Fresh linux-raw-sys v0.12.1
       Fresh regex-syntax v0.8.11
       Fresh opaque-debug v0.3.1
       Fresh once_cell v1.21.4
       Fresh either v1.18.0
       Fresh polyval v0.6.2
       Fresh rustix v1.1.4
       Fresh zeroize v1.9.0
       Fresh serde v1.0.229
       Fresh num-traits v0.2.19
       Fresh crossbeam-deque v0.8.7
       Fresh zmij v1.0.23
       Fresh getrandom v0.4.3
       Fresh half v2.7.1
       Fresh curve25519-dalek-derive v0.1.1
       Fresh memchr v2.8.3
       Fresh plotters-backend v0.3.7
       Fresh itoa v1.0.18
       Fresh clap_lex v1.1.0
       Fresh signature v2.2.0
       Fresh anstyle v1.0.14
       Fresh ciborium-io v0.2.2
       Fresh fastrand v2.5.0
       Fresh tempfile v3.27.0
       Fresh ciborium-ll v0.2.2
       Fresh clap_builder v4.6.6
       Fresh ed25519 v2.2.3
       Fresh serde_json v1.0.151
       Fresh plotters-svg v0.3.7
       Fresh curve25519-dalek v4.1.3
       Fresh rayon-core v1.13.0
       Fresh ghash v0.5.1
       Fresh itertools v0.10.5
       Fresh regex-automata v0.4.18
       Fresh aes v0.8.4
       Fresh ctr v0.9.2
       Fresh rand_chacha v0.3.1
       Fresh sha2 v0.10.9
       Fresh thiserror-impl v2.0.20
       Fresh aead v0.5.2
       Fresh wait-timeout v0.2.1
       Fresh cast v0.3.0
       Fresh same-file v1.0.6
       Fresh quick-error v1.2.3
       Fresh bit-vec v0.8.0
       Fresh untrusted v0.9.0
       Fresh fnv v1.0.7
       Fresh rusty-fork v0.3.1
       Fresh ring v0.17.14
       Fresh bit-set v0.8.0
       Fresh walkdir v2.5.0
       Fresh criterion-plot v0.5.0
       Fresh aes-gcm v0.10.3
       Fresh thiserror v2.0.20
       Fresh ed25519-dalek v2.2.0
       Fresh rand v0.8.8
       Fresh regex v1.13.1
       Fresh rayon v1.12.0
       Fresh plotters v0.3.7
       Fresh tinytemplate v1.2.1
       Fresh clap v4.6.6
       Fresh ciborium v0.2.2
       Fresh rand_xorshift v0.4.0
       Fresh rand v0.9.5
       Fresh rand_chacha v0.9.0
       Fresh hmac v0.12.1
       Fresh is-terminal v0.4.17
       Fresh anes v0.1.6
       Fresh unarray v0.1.4
       Fresh oorandom v11.1.5
       Fresh criterion v0.5.1
       Fresh proptest v1.11.0
       Fresh hex v0.4.3
warning: unused variable: `plaintext`
  --> src/aes.rs:75:27
   |
75 |     pub fn encrypt(&self, plaintext: &[u8]) -> Result<Vec<u8>, AesError> {
   |                           ^^^^^^^^^ help: if this is intentional, prefix it with an underscore: `_plaintext`
   |
   = note: `#[warn(unused_variables)]` (part of `#[warn(unused)]`) on by default

warning: `cryptkit` (lib) generated 1 warning (run `cargo fix --lib -p cryptkit` to apply 1 suggestion)
       Fresh cryptkit v0.1.0 (/tmp/cargo-mutants-cryptkit-NIFqB4.tmp)
warning: `cryptkit` (lib test) generated 1 warning (1 duplicate)
    Finished `test` profile [unoptimized + debuginfo] target(s) in 0.46s
     Running `/tmp/cargo-mutants-cryptkit-NIFqB4.tmp/target/debug/deps/cryptkit-b6c771eb787b92c6`

running 26 tests
test aes::tests::decrypt_rejects_truncated_input ... ok
test aes::tests::empty_plaintext ... FAILED
test aes::tests::encryptor_is_zeroize_on_drop ... ok
test aes::tests::key_bytes_round_trip ... ok
test aes::tests::round_trip ... FAILED
test aes::tests::tampered_ciphertext_fails ... ok
test aes::tests::wrong_key_fails ... ok
test hash::tests::deterministic ... ok
test hash::tests::different_inputs_differ ... ok
test hash::tests::known_vector ... ok
test hmac::tests::constant_time_eq_works ... ok
test hmac::tests::deterministic ... ok
test hmac::tests::wrong_key_fails ... ok
test hmac::tests::wrong_message_fails ... ok
test hmac::tests::sign_and_verify ... ok
test hmac::tests::hmac_verify_rejects_wrong_length_and_zero_tags ... ok
test aes::tests::shared_handle_concurrent_roundtrip ... FAILED
test proptests::aes_gcm_roundtrip ... FAILED
test random::tests::fills_buffer ... ok
test random::tests::random_bytes_length ... ok
test random::tests::two_calls_differ ... ok
test proptests::aes_gcm_wrong_key_fails ... ok
test proptests::sha256_different_inputs ... ok
test proptests::hmac_sign_verify_roundtrip ... ok
test proptests::sha256_deterministic ... ok
test proptests::hmac_wrong_key_fails ... ok

failures:

---- aes::tests::empty_plaintext stdout ----

thread 'aes::tests::empty_plaintext' (3265193) panicked at src/aes.rs:152:50:
called `Result::unwrap()` on an `Err` value: Decrypt("data too short")
note: run with `RUST_BACKTRACE=1` environment variable to display a backtrace

---- aes::tests::round_trip stdout ----

thread 'aes::tests::round_trip' (3265196) panicked at src/aes.rs:126:50:
called `Result::unwrap()` on an `Err` value: Decrypt("data too short")

---- aes::tests::shared_handle_concurrent_roundtrip stdout ----

thread '<unnamed>' (3265198) panicked at src/aes.rs:200:43:
called `Result::unwrap()` on an `Err` value: Decrypt("data too short")

thread '<unnamed>' (3265203) panicked at src/aes.rs:200:43:
called `Result::unwrap()` on an `Err` value: Decrypt("data too short")

thread '<unnamed>' (3265204) panicked at src/aes.rs:200:43:
called `Result::unwrap()` on an `Err` value: Decrypt("data too short")

thread '<unnamed>' (3265202) panicked at src/aes.rs:200:43:
called `Result::unwrap()` on an `Err` value: Decrypt("data too short")

thread '<unnamed>' (3265199) panicked at src/aes.rs:200:43:
called `Result::unwrap()` on an `Err` value: Decrypt("data too short")

thread '<unnamed>' (3265200) panicked at src/aes.rs:200:43:
called `Result::unwrap()` on an `Err` value: Decrypt("data too short")

thread '<unnamed>' (3265205) panicked at src/aes.rs:200:43:
called `Result::unwrap()` on an `Err` value: Decrypt("data too short")

thread '<unnamed>' (3265201) panicked at src/aes.rs:200:43:
called `Result::unwrap()` on an `Err` value: Decrypt("data too short")

thread 'aes::tests::shared_handle_concurrent_roundtrip' (3265197) panicked at src/aes.rs:205:22:
called `Result::unwrap()` on an `Err` value: Any { .. }

---- proptests::aes_gcm_roundtrip stdout ----

thread 'proptests::aes_gcm_roundtrip' (3265219) panicked at src/lib.rs:72:54:
called `Result::unwrap()` on an `Err` value: Decrypt("data too short")

thread 'proptests::aes_gcm_roundtrip' (3265219) panicked at src/lib.rs:72:54:
called `Result::unwrap()` on an `Err` value: Decrypt("data too short")

thread 'proptests::aes_gcm_roundtrip' (3265219) panicked at src/lib.rs:72:54:
called `Result::unwrap()` on an `Err` value: Decrypt("data too short")

thread 'proptests::aes_gcm_roundtrip' (3265219) panicked at src/lib.rs:72:54:
called `Result::unwrap()` on an `Err` value: Decrypt("data too short")

thread 'proptests::aes_gcm_roundtrip' (3265219) panicked at src/lib.rs:72:54:
called `Result::unwrap()` on an `Err` value: Decrypt("data too short")

thread 'proptests::aes_gcm_roundtrip' (3265219) panicked at src/lib.rs:72:54:
called `Result::unwrap()` on an `Err` value: Decrypt("data too short")

thread 'proptests::aes_gcm_roundtrip' (3265219) panicked at src/lib.rs:72:54:
called `Result::unwrap()` on an `Err` value: Decrypt("data too short")

thread 'proptests::aes_gcm_roundtrip' (3265219) panicked at src/lib.rs:72:54:
called `Result::unwrap()` on an `Err` value: Decrypt("data too short")

thread 'proptests::aes_gcm_roundtrip' (3265219) panicked at src/lib.rs:72:54:
called `Result::unwrap()` on an `Err` value: Decrypt("data too short")

thread 'proptests::aes_gcm_roundtrip' (3265219) panicked at src/lib.rs:72:54:
called `Result::unwrap()` on an `Err` value: Decrypt("data too short")

thread 'proptests::aes_gcm_roundtrip' (3265219) panicked at src/lib.rs:72:54:
called `Result::unwrap()` on an `Err` value: Decrypt("data too short")

thread 'proptests::aes_gcm_roundtrip' (3265219) panicked at src/lib.rs:72:54:
called `Result::unwrap()` on an `Err` value: Decrypt("data too short")

thread 'proptests::aes_gcm_roundtrip' (3265219) panicked at src/lib.rs:72:54:
called `Result::unwrap()` on an `Err` value: Decrypt("data too short")

thread 'proptests::aes_gcm_roundtrip' (3265219) panicked at src/lib.rs:72:54:
called `Result::unwrap()` on an `Err` value: Decrypt("data too short")

thread 'proptests::aes_gcm_roundtrip' (3265219) panicked at src/lib.rs:72:54:
called `Result::unwrap()` on an `Err` value: Decrypt("data too short")

thread 'proptests::aes_gcm_roundtrip' (3265219) panicked at src/lib.rs:72:54:
called `Result::unwrap()` on an `Err` value: Decrypt("data too short")

thread 'proptests::aes_gcm_roundtrip' (3265219) panicked at src/lib.rs:72:54:
called `Result::unwrap()` on an `Err` value: Decrypt("data too short")

thread 'proptests::aes_gcm_roundtrip' (3265219) panicked at src/lib.rs:72:54:
called `Result::unwrap()` on an `Err` value: Decrypt("data too short")

thread 'proptests::aes_gcm_roundtrip' (3265219) panicked at src/lib.rs:72:54:
called `Result::unwrap()` on an `Err` value: Decrypt("data too short")

thread 'proptests::aes_gcm_roundtrip' (3265219) panicked at src/lib.rs:72:54:
called `Result::unwrap()` on an `Err` value: Decrypt("data too short")

thread 'proptests::aes_gcm_roundtrip' (3265219) panicked at src/lib.rs:72:54:
called `Result::unwrap()` on an `Err` value: Decrypt("data too short")

thread 'proptests::aes_gcm_roundtrip' (3265219) panicked at src/lib.rs:72:54:
called `Result::unwrap()` on an `Err` value: Decrypt("data too short")

thread 'proptests::aes_gcm_roundtrip' (3265219) panicked at src/lib.rs:72:54:
called `Result::unwrap()` on an `Err` value: Decrypt("data too short")

thread 'proptests::aes_gcm_roundtrip' (3265219) panicked at src/lib.rs:72:54:
called `Result::unwrap()` on an `Err` value: Decrypt("data too short")

thread 'proptests::aes_gcm_roundtrip' (3265219) panicked at src/lib.rs:72:54:
called `Result::unwrap()` on an `Err` value: Decrypt("data too short")

thread 'proptests::aes_gcm_roundtrip' (3265219) panicked at src/lib.rs:72:54:
called `Result::unwrap()` on an `Err` value: Decrypt("data too short")

thread 'proptests::aes_gcm_roundtrip' (3265219) panicked at src/lib.rs:72:54:
called `Result::unwrap()` on an `Err` value: Decrypt("data too short")

thread 'proptests::aes_gcm_roundtrip' (3265219) panicked at src/lib.rs:72:54:
called `Result::unwrap()` on an `Err` value: Decrypt("data too short")

thread 'proptests::aes_gcm_roundtrip' (3265219) panicked at src/lib.rs:72:54:
called `Result::unwrap()` on an `Err` value: Decrypt("data too short")

thread 'proptests::aes_gcm_roundtrip' (3265219) panicked at src/lib.rs:72:54:
called `Result::unwrap()` on an `Err` value: Decrypt("data too short")

thread 'proptests::aes_gcm_roundtrip' (3265219) panicked at src/lib.rs:72:54:
called `Result::unwrap()` on an `Err` value: Decrypt("data too short")

thread 'proptests::aes_gcm_roundtrip' (3265219) panicked at src/lib.rs:72:54:
called `Result::unwrap()` on an `Err` value: Decrypt("data too short")

thread 'proptests::aes_gcm_roundtrip' (3265219) panicked at src/lib.rs:72:54:
called `Result::unwrap()` on an `Err` value: Decrypt("data too short")

thread 'proptests::aes_gcm_roundtrip' (3265219) panicked at src/lib.rs:72:54:
called `Result::unwrap()` on an `Err` value: Decrypt("data too short")

thread 'proptests::aes_gcm_roundtrip' (3265219) panicked at src/lib.rs:72:54:
called `Result::unwrap()` on an `Err` value: Decrypt("data too short")

thread 'proptests::aes_gcm_roundtrip' (3265219) panicked at src/lib.rs:72:54:
called `Result::unwrap()` on an `Err` value: Decrypt("data too short")

thread 'proptests::aes_gcm_roundtrip' (3265219) panicked at src/lib.rs:72:54:
called `Result::unwrap()` on an `Err` value: Decrypt("data too short")

thread 'proptests::aes_gcm_roundtrip' (3265219) panicked at src/lib.rs:72:54:
called `Result::unwrap()` on an `Err` value: Decrypt("data too short")

thread 'proptests::aes_gcm_roundtrip' (3265219) panicked at src/lib.rs:72:54:
called `Result::unwrap()` on an `Err` value: Decrypt("data too short")

thread 'proptests::aes_gcm_roundtrip' (3265219) panicked at src/lib.rs:72:54:
called `Result::unwrap()` on an `Err` value: Decrypt("data too short")

thread 'proptests::aes_gcm_roundtrip' (3265219) panicked at src/lib.rs:72:54:
called `Result::unwrap()` on an `Err` value: Decrypt("data too short")

thread 'proptests::aes_gcm_roundtrip' (3265219) panicked at src/lib.rs:72:54:
called `Result::unwrap()` on an `Err` value: Decrypt("data too short")

thread 'proptests::aes_gcm_roundtrip' (3265219) panicked at src/lib.rs:72:54:
called `Result::unwrap()` on an `Err` value: Decrypt("data too short")

thread 'proptests::aes_gcm_roundtrip' (3265219) panicked at src/lib.rs:72:54:
called `Result::unwrap()` on an `Err` value: Decrypt("data too short")

thread 'proptests::aes_gcm_roundtrip' (3265219) panicked at src/lib.rs:72:54:
called `Result::unwrap()` on an `Err` value: Decrypt("data too short")

thread 'proptests::aes_gcm_roundtrip' (3265219) panicked at src/lib.rs:72:54:
called `Result::unwrap()` on an `Err` value: Decrypt("data too short")

thread 'proptests::aes_gcm_roundtrip' (3265219) panicked at src/lib.rs:72:54:
called `Result::unwrap()` on an `Err` value: Decrypt("data too short")

thread 'proptests::aes_gcm_roundtrip' (3265219) panicked at src/lib.rs:72:54:
called `Result::unwrap()` on an `Err` value: Decrypt("data too short")

thread 'proptests::aes_gcm_roundtrip' (3265219) panicked at src/lib.rs:72:54:
called `Result::unwrap()` on an `Err` value: Decrypt("data too short")

thread 'proptests::aes_gcm_roundtrip' (3265219) panicked at src/lib.rs:72:54:
called `Result::unwrap()` on an `Err` value: Decrypt("data too short")

thread 'proptests::aes_gcm_roundtrip' (3265219) panicked at src/lib.rs:72:54:
called `Result::unwrap()` on an `Err` value: Decrypt("data too short")

thread 'proptests::aes_gcm_roundtrip' (3265219) panicked at src/lib.rs:72:54:
called `Result::unwrap()` on an `Err` value: Decrypt("data too short")

thread 'proptests::aes_gcm_roundtrip' (3265219) panicked at src/lib.rs:72:54:
called `Result::unwrap()` on an `Err` value: Decrypt("data too short")

thread 'proptests::aes_gcm_roundtrip' (3265219) panicked at src/lib.rs:72:54:
called `Result::unwrap()` on an `Err` value: Decrypt("data too short")

thread 'proptests::aes_gcm_roundtrip' (3265219) panicked at src/lib.rs:72:54:
called `Result::unwrap()` on an `Err` value: Decrypt("data too short")

thread 'proptests::aes_gcm_roundtrip' (3265219) panicked at src/lib.rs:72:54:
called `Result::unwrap()` on an `Err` value: Decrypt("data too short")

thread 'proptests::aes_gcm_roundtrip' (3265219) panicked at src/lib.rs:72:54:
called `Result::unwrap()` on an `Err` value: Decrypt("data too short")

thread 'proptests::aes_gcm_roundtrip' (3265219) panicked at src/lib.rs:72:54:
called `Result::unwrap()` on an `Err` value: Decrypt("data too short")

thread 'proptests::aes_gcm_roundtrip' (3265219) panicked at src/lib.rs:72:54:
called `Result::unwrap()` on an `Err` value: Decrypt("data too short")

thread 'proptests::aes_gcm_roundtrip' (3265219) panicked at src/lib.rs:72:54:
called `Result::unwrap()` on an `Err` value: Decrypt("data too short")

thread 'proptests::aes_gcm_roundtrip' (3265219) panicked at src/lib.rs:72:54:
called `Result::unwrap()` on an `Err` value: Decrypt("data too short")

thread 'proptests::aes_gcm_roundtrip' (3265219) panicked at src/lib.rs:72:54:
called `Result::unwrap()` on an `Err` value: Decrypt("data too short")

thread 'proptests::aes_gcm_roundtrip' (3265219) panicked at src/lib.rs:72:54:
called `Result::unwrap()` on an `Err` value: Decrypt("data too short")

thread 'proptests::aes_gcm_roundtrip' (3265219) panicked at src/lib.rs:72:54:
called `Result::unwrap()` on an `Err` value: Decrypt("data too short")

thread 'proptests::aes_gcm_roundtrip' (3265219) panicked at src/lib.rs:72:54:
called `Result::unwrap()` on an `Err` value: Decrypt("data too short")

thread 'proptests::aes_gcm_roundtrip' (3265219) panicked at src/lib.rs:72:54:
called `Result::unwrap()` on an `Err` value: Decrypt("data too short")

thread 'proptests::aes_gcm_roundtrip' (3265219) panicked at src/lib.rs:72:54:
called `Result::unwrap()` on an `Err` value: Decrypt("data too short")

thread 'proptests::aes_gcm_roundtrip' (3265219) panicked at src/lib.rs:72:54:
called `Result::unwrap()` on an `Err` value: Decrypt("data too short")

thread 'proptests::aes_gcm_roundtrip' (3265219) panicked at src/lib.rs:72:54:
called `Result::unwrap()` on an `Err` value: Decrypt("data too short")

thread 'proptests::aes_gcm_roundtrip' (3265219) panicked at src/lib.rs:72:54:
called `Result::unwrap()` on an `Err` value: Decrypt("data too short")

thread 'proptests::aes_gcm_roundtrip' (3265219) panicked at src/lib.rs:72:54:
called `Result::unwrap()` on an `Err` value: Decrypt("data too short")

thread 'proptests::aes_gcm_roundtrip' (3265219) panicked at src/lib.rs:72:54:
called `Result::unwrap()` on an `Err` value: Decrypt("data too short")

thread 'proptests::aes_gcm_roundtrip' (3265219) panicked at src/lib.rs:72:54:
called `Result::unwrap()` on an `Err` value: Decrypt("data too short")

thread 'proptests::aes_gcm_roundtrip' (3265219) panicked at src/lib.rs:72:54:
called `Result::unwrap()` on an `Err` value: Decrypt("data too short")

thread 'proptests::aes_gcm_roundtrip' (3265219) panicked at src/lib.rs:72:54:
called `Result::unwrap()` on an `Err` value: Decrypt("data too short")

thread 'proptests::aes_gcm_roundtrip' (3265219) panicked at src/lib.rs:72:54:
called `Result::unwrap()` on an `Err` value: Decrypt("data too short")

thread 'proptests::aes_gcm_roundtrip' (3265219) panicked at src/lib.rs:72:54:
called `Result::unwrap()` on an `Err` value: Decrypt("data too short")

thread 'proptests::aes_gcm_roundtrip' (3265219) panicked at src/lib.rs:72:54:
called `Result::unwrap()` on an `Err` value: Decrypt("data too short")

thread 'proptests::aes_gcm_roundtrip' (3265219) panicked at src/lib.rs:72:54:
called `Result::unwrap()` on an `Err` value: Decrypt("data too short")

thread 'proptests::aes_gcm_roundtrip' (3265219) panicked at src/lib.rs:72:54:
called `Result::unwrap()` on an `Err` value: Decrypt("data too short")

thread 'proptests::aes_gcm_roundtrip' (3265219) panicked at src/lib.rs:72:54:
called `Result::unwrap()` on an `Err` value: Decrypt("data too short")

thread 'proptests::aes_gcm_roundtrip' (3265219) panicked at src/lib.rs:72:54:
called `Result::unwrap()` on an `Err` value: Decrypt("data too short")

thread 'proptests::aes_gcm_roundtrip' (3265219) panicked at src/lib.rs:72:54:
called `Result::unwrap()` on an `Err` value: Decrypt("data too short")

thread 'proptests::aes_gcm_roundtrip' (3265219) panicked at src/lib.rs:72:54:
called `Result::unwrap()` on an `Err` value: Decrypt("data too short")

thread 'proptests::aes_gcm_roundtrip' (3265219) panicked at src/lib.rs:72:54:
called `Result::unwrap()` on an `Err` value: Decrypt("data too short")

thread 'proptests::aes_gcm_roundtrip' (3265219) panicked at src/lib.rs:72:54:
called `Result::unwrap()` on an `Err` value: Decrypt("data too short")

thread 'proptests::aes_gcm_roundtrip' (3265219) panicked at src/lib.rs:72:54:
called `Result::unwrap()` on an `Err` value: Decrypt("data too short")

thread 'proptests::aes_gcm_roundtrip' (3265219) panicked at src/lib.rs:72:54:
called `Result::unwrap()` on an `Err` value: Decrypt("data too short")

thread 'proptests::aes_gcm_roundtrip' (3265219) panicked at src/lib.rs:72:54:
called `Result::unwrap()` on an `Err` value: Decrypt("data too short")

thread 'proptests::aes_gcm_roundtrip' (3265219) panicked at src/lib.rs:72:54:
called `Result::unwrap()` on an `Err` value: Decrypt("data too short")

thread 'proptests::aes_gcm_roundtrip' (3265219) panicked at src/lib.rs:72:54:
called `Result::unwrap()` on an `Err` value: Decrypt("data too short")

thread 'proptests::aes_gcm_roundtrip' (3265219) panicked at src/lib.rs:72:54:
called `Result::unwrap()` on an `Err` value: Decrypt("data too short")

thread 'proptests::aes_gcm_roundtrip' (3265219) panicked at src/lib.rs:72:54:
called `Result::unwrap()` on an `Err` value: Decrypt("data too short")

thread 'proptests::aes_gcm_roundtrip' (3265219) panicked at src/lib.rs:72:54:
called `Result::unwrap()` on an `Err` value: Decrypt("data too short")

thread 'proptests::aes_gcm_roundtrip' (3265219) panicked at src/lib.rs:72:54:
called `Result::unwrap()` on an `Err` value: Decrypt("data too short")

thread 'proptests::aes_gcm_roundtrip' (3265219) panicked at src/lib.rs:72:54:
called `Result::unwrap()` on an `Err` value: Decrypt("data too short")

thread 'proptests::aes_gcm_roundtrip' (3265219) panicked at src/lib.rs:72:54:
called `Result::unwrap()` on an `Err` value: Decrypt("data too short")

thread 'proptests::aes_gcm_roundtrip' (3265219) panicked at src/lib.rs:72:54:
called `Result::unwrap()` on an `Err` value: Decrypt("data too short")

thread 'proptests::aes_gcm_roundtrip' (3265219) panicked at src/lib.rs:72:54:
called `Result::unwrap()` on an `Err` value: Decrypt("data too short")

thread 'proptests::aes_gcm_roundtrip' (3265219) panicked at src/lib.rs:72:54:
called `Result::unwrap()` on an `Err` value: Decrypt("data too short")

thread 'proptests::aes_gcm_roundtrip' (3265219) panicked at src/lib.rs:72:54:
called `Result::unwrap()` on an `Err` value: Decrypt("data too short")

thread 'proptests::aes_gcm_roundtrip' (3265219) panicked at src/lib.rs:72:54:
called `Result::unwrap()` on an `Err` value: Decrypt("data too short")

thread 'proptests::aes_gcm_roundtrip' (3265219) panicked at src/lib.rs:72:54:
called `Result::unwrap()` on an `Err` value: Decrypt("data too short")

thread 'proptests::aes_gcm_roundtrip' (3265219) panicked at src/lib.rs:72:54:
called `Result::unwrap()` on an `Err` value: Decrypt("data too short")

thread 'proptests::aes_gcm_roundtrip' (3265219) panicked at src/lib.rs:72:54:
called `Result::unwrap()` on an `Err` value: Decrypt("data too short")

thread 'proptests::aes_gcm_roundtrip' (3265219) panicked at src/lib.rs:72:54:
called `Result::unwrap()` on an `Err` value: Decrypt("data too short")

thread 'proptests::aes_gcm_roundtrip' (3265219) panicked at src/lib.rs:72:54:
called `Result::unwrap()` on an `Err` value: Decrypt("data too short")

thread 'proptests::aes_gcm_roundtrip' (3265219) panicked at src/lib.rs:72:54:
called `Result::unwrap()` on an `Err` value: Decrypt("data too short")

thread 'proptests::aes_gcm_roundtrip' (3265219) panicked at src/lib.rs:72:54:
called `Result::unwrap()` on an `Err` value: Decrypt("data too short")

thread 'proptests::aes_gcm_roundtrip' (3265219) panicked at src/lib.rs:72:54:
called `Result::unwrap()` on an `Err` value: Decrypt("data too short")

thread 'proptests::aes_gcm_roundtrip' (3265219) panicked at src/lib.rs:72:54:
called `Result::unwrap()` on an `Err` value: Decrypt("data too short")

thread 'proptests::aes_gcm_roundtrip' (3265219) panicked at src/lib.rs:72:54:
called `Result::unwrap()` on an `Err` value: Decrypt("data too short")

thread 'proptests::aes_gcm_roundtrip' (3265219) panicked at src/lib.rs:72:54:
called `Result::unwrap()` on an `Err` value: Decrypt("data too short")

thread 'proptests::aes_gcm_roundtrip' (3265219) panicked at src/lib.rs:72:54:
called `Result::unwrap()` on an `Err` value: Decrypt("data too short")

thread 'proptests::aes_gcm_roundtrip' (3265219) panicked at src/lib.rs:72:54:
called `Result::unwrap()` on an `Err` value: Decrypt("data too short")

thread 'proptests::aes_gcm_roundtrip' (3265219) panicked at src/lib.rs:72:54:
called `Result::unwrap()` on an `Err` value: Decrypt("data too short")

thread 'proptests::aes_gcm_roundtrip' (3265219) panicked at src/lib.rs:72:54:
called `Result::unwrap()` on an `Err` value: Decrypt("data too short")

thread 'proptests::aes_gcm_roundtrip' (3265219) panicked at src/lib.rs:72:54:
called `Result::unwrap()` on an `Err` value: Decrypt("data too short")

thread 'proptests::aes_gcm_roundtrip' (3265219) panicked at src/lib.rs:72:54:
called `Result::unwrap()` on an `Err` value: Decrypt("data too short")

thread 'proptests::aes_gcm_roundtrip' (3265219) panicked at src/lib.rs:72:54:
called `Result::unwrap()` on an `Err` value: Decrypt("data too short")

thread 'proptests::aes_gcm_roundtrip' (3265219) panicked at src/lib.rs:72:54:
called `Result::unwrap()` on an `Err` value: Decrypt("data too short")

thread 'proptests::aes_gcm_roundtrip' (3265219) panicked at src/lib.rs:72:54:
called `Result::unwrap()` on an `Err` value: Decrypt("data too short")

thread 'proptests::aes_gcm_roundtrip' (3265219) panicked at src/lib.rs:72:54:
called `Result::unwrap()` on an `Err` value: Decrypt("data too short")

thread 'proptests::aes_gcm_roundtrip' (3265219) panicked at src/lib.rs:72:54:
called `Result::unwrap()` on an `Err` value: Decrypt("data too short")

thread 'proptests::aes_gcm_roundtrip' (3265219) panicked at src/lib.rs:72:54:
called `Result::unwrap()` on an `Err` value: Decrypt("data too short")

thread 'proptests::aes_gcm_roundtrip' (3265219) panicked at src/lib.rs:72:54:
called `Result::unwrap()` on an `Err` value: Decrypt("data too short")

thread 'proptests::aes_gcm_roundtrip' (3265219) panicked at src/lib.rs:72:54:
called `Result::unwrap()` on an `Err` value: Decrypt("data too short")

thread 'proptests::aes_gcm_roundtrip' (3265219) panicked at src/lib.rs:72:54:
called `Result::unwrap()` on an `Err` value: Decrypt("data too short")

thread 'proptests::aes_gcm_roundtrip' (3265219) panicked at src/lib.rs:72:54:
called `Result::unwrap()` on an `Err` value: Decrypt("data too short")

thread 'proptests::aes_gcm_roundtrip' (3265219) panicked at src/lib.rs:72:54:
called `Result::unwrap()` on an `Err` value: Decrypt("data too short")

thread 'proptests::aes_gcm_roundtrip' (3265219) panicked at src/lib.rs:72:54:
called `Result::unwrap()` on an `Err` value: Decrypt("data too short")

thread 'proptests::aes_gcm_roundtrip' (3265219) panicked at src/lib.rs:72:54:
called `Result::unwrap()` on an `Err` value: Decrypt("data too short")

thread 'proptests::aes_gcm_roundtrip' (3265219) panicked at src/lib.rs:72:54:
called `Result::unwrap()` on an `Err` value: Decrypt("data too short")

thread 'proptests::aes_gcm_roundtrip' (3265219) panicked at src/lib.rs:72:54:
called `Result::unwrap()` on an `Err` value: Decrypt("data too short")

thread 'proptests::aes_gcm_roundtrip' (3265219) panicked at src/lib.rs:72:54:
called `Result::unwrap()` on an `Err` value: Decrypt("data too short")

thread 'proptests::aes_gcm_roundtrip' (3265219) panicked at src/lib.rs:72:54:
called `Result::unwrap()` on an `Err` value: Decrypt("data too short")

thread 'proptests::aes_gcm_roundtrip' (3265219) panicked at src/lib.rs:72:54:
called `Result::unwrap()` on an `Err` value: Decrypt("data too short")

thread 'proptests::aes_gcm_roundtrip' (3265219) panicked at src/lib.rs:72:54:
called `Result::unwrap()` on an `Err` value: Decrypt("data too short")

thread 'proptests::aes_gcm_roundtrip' (3265219) panicked at src/lib.rs:72:54:
called `Result::unwrap()` on an `Err` value: Decrypt("data too short")

thread 'proptests::aes_gcm_roundtrip' (3265219) panicked at src/lib.rs:72:54:
called `Result::unwrap()` on an `Err` value: Decrypt("data too short")

thread 'proptests::aes_gcm_roundtrip' (3265219) panicked at src/lib.rs:72:54:
called `Result::unwrap()` on an `Err` value: Decrypt("data too short")

thread 'proptests::aes_gcm_roundtrip' (3265219) panicked at src/lib.rs:72:54:
called `Result::unwrap()` on an `Err` value: Decrypt("data too short")

thread 'proptests::aes_gcm_roundtrip' (3265219) panicked at src/lib.rs:72:54:
called `Result::unwrap()` on an `Err` value: Decrypt("data too short")

thread 'proptests::aes_gcm_roundtrip' (3265219) panicked at src/lib.rs:72:54:
called `Result::unwrap()` on an `Err` value: Decrypt("data too short")

thread 'proptests::aes_gcm_roundtrip' (3265219) panicked at src/lib.rs:72:54:
called `Result::unwrap()` on an `Err` value: Decrypt("data too short")

thread 'proptests::aes_gcm_roundtrip' (3265219) panicked at src/lib.rs:72:54:
called `Result::unwrap()` on an `Err` value: Decrypt("data too short")

thread 'proptests::aes_gcm_roundtrip' (3265219) panicked at src/lib.rs:72:54:
called `Result::unwrap()` on an `Err` value: Decrypt("data too short")

thread 'proptests::aes_gcm_roundtrip' (3265219) panicked at src/lib.rs:72:54:
called `Result::unwrap()` on an `Err` value: Decrypt("data too short")

thread 'proptests::aes_gcm_roundtrip' (3265219) panicked at src/lib.rs:72:54:
called `Result::unwrap()` on an `Err` value: Decrypt("data too short")

thread 'proptests::aes_gcm_roundtrip' (3265219) panicked at src/lib.rs:72:54:
called `Result::unwrap()` on an `Err` value: Decrypt("data too short")

thread 'proptests::aes_gcm_roundtrip' (3265219) panicked at src/lib.rs:72:54:
called `Result::unwrap()` on an `Err` value: Decrypt("data too short")

thread 'proptests::aes_gcm_roundtrip' (3265219) panicked at src/lib.rs:72:54:
called `Result::unwrap()` on an `Err` value: Decrypt("data too short")

thread 'proptests::aes_gcm_roundtrip' (3265219) panicked at src/lib.rs:72:54:
called `Result::unwrap()` on an `Err` value: Decrypt("data too short")

thread 'proptests::aes_gcm_roundtrip' (3265219) panicked at src/lib.rs:72:54:
called `Result::unwrap()` on an `Err` value: Decrypt("data too short")

thread 'proptests::aes_gcm_roundtrip' (3265219) panicked at src/lib.rs:72:54:
called `Result::unwrap()` on an `Err` value: Decrypt("data too short")

thread 'proptests::aes_gcm_roundtrip' (3265219) panicked at src/lib.rs:72:54:
called `Result::unwrap()` on an `Err` value: Decrypt("data too short")

thread 'proptests::aes_gcm_roundtrip' (3265219) panicked at src/lib.rs:72:54:
called `Result::unwrap()` on an `Err` value: Decrypt("data too short")

thread 'proptests::aes_gcm_roundtrip' (3265219) panicked at src/lib.rs:72:54:
called `Result::unwrap()` on an `Err` value: Decrypt("data too short")

thread 'proptests::aes_gcm_roundtrip' (3265219) panicked at src/lib.rs:72:54:
called `Result::unwrap()` on an `Err` value: Decrypt("data too short")

thread 'proptests::aes_gcm_roundtrip' (3265219) panicked at src/lib.rs:72:54:
called `Result::unwrap()` on an `Err` value: Decrypt("data too short")

thread 'proptests::aes_gcm_roundtrip' (3265219) panicked at src/lib.rs:72:54:
called `Result::unwrap()` on an `Err` value: Decrypt("data too short")

thread 'proptests::aes_gcm_roundtrip' (3265219) panicked at src/lib.rs:72:54:
called `Result::unwrap()` on an `Err` value: Decrypt("data too short")

thread 'proptests::aes_gcm_roundtrip' (3265219) panicked at src/lib.rs:72:54:
called `Result::unwrap()` on an `Err` value: Decrypt("data too short")

thread 'proptests::aes_gcm_roundtrip' (3265219) panicked at src/lib.rs:72:54:
called `Result::unwrap()` on an `Err` value: Decrypt("data too short")

thread 'proptests::aes_gcm_roundtrip' (3265219) panicked at src/lib.rs:72:54:
called `Result::unwrap()` on an `Err` value: Decrypt("data too short")

thread 'proptests::aes_gcm_roundtrip' (3265219) panicked at src/lib.rs:72:54:
called `Result::unwrap()` on an `Err` value: Decrypt("data too short")

thread 'proptests::aes_gcm_roundtrip' (3265219) panicked at src/lib.rs:72:54:
called `Result::unwrap()` on an `Err` value: Decrypt("data too short")

thread 'proptests::aes_gcm_roundtrip' (3265219) panicked at src/lib.rs:72:54:
called `Result::unwrap()` on an `Err` value: Decrypt("data too short")

thread 'proptests::aes_gcm_roundtrip' (3265219) panicked at src/lib.rs:72:54:
called `Result::unwrap()` on an `Err` value: Decrypt("data too short")

thread 'proptests::aes_gcm_roundtrip' (3265219) panicked at src/lib.rs:72:54:
called `Result::unwrap()` on an `Err` value: Decrypt("data too short")

thread 'proptests::aes_gcm_roundtrip' (3265219) panicked at src/lib.rs:72:54:
called `Result::unwrap()` on an `Err` value: Decrypt("data too short")

thread 'proptests::aes_gcm_roundtrip' (3265219) panicked at src/lib.rs:72:54:
called `Result::unwrap()` on an `Err` value: Decrypt("data too short")

thread 'proptests::aes_gcm_roundtrip' (3265219) panicked at src/lib.rs:72:54:
called `Result::unwrap()` on an `Err` value: Decrypt("data too short")

thread 'proptests::aes_gcm_roundtrip' (3265219) panicked at src/lib.rs:72:54:
called `Result::unwrap()` on an `Err` value: Decrypt("data too short")

thread 'proptests::aes_gcm_roundtrip' (3265219) panicked at src/lib.rs:72:54:
called `Result::unwrap()` on an `Err` value: Decrypt("data too short")

thread 'proptests::aes_gcm_roundtrip' (3265219) panicked at src/lib.rs:72:54:
called `Result::unwrap()` on an `Err` value: Decrypt("data too short")

thread 'proptests::aes_gcm_roundtrip' (3265219) panicked at src/lib.rs:72:54:
called `Result::unwrap()` on an `Err` value: Decrypt("data too short")

thread 'proptests::aes_gcm_roundtrip' (3265219) panicked at src/lib.rs:72:54:
called `Result::unwrap()` on an `Err` value: Decrypt("data too short")

thread 'proptests::aes_gcm_roundtrip' (3265219) panicked at src/lib.rs:72:54:
called `Result::unwrap()` on an `Err` value: Decrypt("data too short")

thread 'proptests::aes_gcm_roundtrip' (3265219) panicked at src/lib.rs:72:54:
called `Result::unwrap()` on an `Err` value: Decrypt("data too short")

thread 'proptests::aes_gcm_roundtrip' (3265219) panicked at src/lib.rs:72:54:
called `Result::unwrap()` on an `Err` value: Decrypt("data too short")

thread 'proptests::aes_gcm_roundtrip' (3265219) panicked at src/lib.rs:72:54:
called `Result::unwrap()` on an `Err` value: Decrypt("data too short")

thread 'proptests::aes_gcm_roundtrip' (3265219) panicked at src/lib.rs:72:54:
called `Result::unwrap()` on an `Err` value: Decrypt("data too short")

thread 'proptests::aes_gcm_roundtrip' (3265219) panicked at src/lib.rs:72:54:
called `Result::unwrap()` on an `Err` value: Decrypt("data too short")

thread 'proptests::aes_gcm_roundtrip' (3265219) panicked at src/lib.rs:72:54:
called `Result::unwrap()` on an `Err` value: Decrypt("data too short")

thread 'proptests::aes_gcm_roundtrip' (3265219) panicked at src/lib.rs:72:54:
called `Result::unwrap()` on an `Err` value: Decrypt("data too short")

thread 'proptests::aes_gcm_roundtrip' (3265219) panicked at src/lib.rs:72:54:
called `Result::unwrap()` on an `Err` value: Decrypt("data too short")

thread 'proptests::aes_gcm_roundtrip' (3265219) panicked at src/lib.rs:72:54:
called `Result::unwrap()` on an `Err` value: Decrypt("data too short")

thread 'proptests::aes_gcm_roundtrip' (3265219) panicked at src/lib.rs:72:54:
called `Result::unwrap()` on an `Err` value: Decrypt("data too short")

thread 'proptests::aes_gcm_roundtrip' (3265219) panicked at src/lib.rs:72:54:
called `Result::unwrap()` on an `Err` value: Decrypt("data too short")

thread 'proptests::aes_gcm_roundtrip' (3265219) panicked at src/lib.rs:72:54:
called `Result::unwrap()` on an `Err` value: Decrypt("data too short")

thread 'proptests::aes_gcm_roundtrip' (3265219) panicked at src/lib.rs:72:54:
called `Result::unwrap()` on an `Err` value: Decrypt("data too short")

thread 'proptests::aes_gcm_roundtrip' (3265219) panicked at src/lib.rs:72:54:
called `Result::unwrap()` on an `Err` value: Decrypt("data too short")

thread 'proptests::aes_gcm_roundtrip' (3265219) panicked at src/lib.rs:72:54:
called `Result::unwrap()` on an `Err` value: Decrypt("data too short")

thread 'proptests::aes_gcm_roundtrip' (3265219) panicked at src/lib.rs:72:54:
called `Result::unwrap()` on an `Err` value: Decrypt("data too short")

thread 'proptests::aes_gcm_roundtrip' (3265219) panicked at src/lib.rs:72:54:
called `Result::unwrap()` on an `Err` value: Decrypt("data too short")

thread 'proptests::aes_gcm_roundtrip' (3265219) panicked at src/lib.rs:72:54:
called `Result::unwrap()` on an `Err` value: Decrypt("data too short")

thread 'proptests::aes_gcm_roundtrip' (3265219) panicked at src/lib.rs:72:54:
called `Result::unwrap()` on an `Err` value: Decrypt("data too short")

thread 'proptests::aes_gcm_roundtrip' (3265219) panicked at src/lib.rs:72:54:
called `Result::unwrap()` on an `Err` value: Decrypt("data too short")

thread 'proptests::aes_gcm_roundtrip' (3265219) panicked at src/lib.rs:72:54:
called `Result::unwrap()` on an `Err` value: Decrypt("data too short")

thread 'proptests::aes_gcm_roundtrip' (3265219) panicked at src/lib.rs:72:54:
called `Result::unwrap()` on an `Err` value: Decrypt("data too short")

thread 'proptests::aes_gcm_roundtrip' (3265219) panicked at src/lib.rs:72:54:
called `Result::unwrap()` on an `Err` value: Decrypt("data too short")

thread 'proptests::aes_gcm_roundtrip' (3265219) panicked at src/lib.rs:72:54:
called `Result::unwrap()` on an `Err` value: Decrypt("data too short")

thread 'proptests::aes_gcm_roundtrip' (3265219) panicked at src/lib.rs:72:54:
called `Result::unwrap()` on an `Err` value: Decrypt("data too short")

thread 'proptests::aes_gcm_roundtrip' (3265219) panicked at src/lib.rs:72:54:
called `Result::unwrap()` on an `Err` value: Decrypt("data too short")

thread 'proptests::aes_gcm_roundtrip' (3265219) panicked at src/lib.rs:72:54:
called `Result::unwrap()` on an `Err` value: Decrypt("data too short")

thread 'proptests::aes_gcm_roundtrip' (3265219) panicked at src/lib.rs:72:54:
called `Result::unwrap()` on an `Err` value: Decrypt("data too short")

thread 'proptests::aes_gcm_roundtrip' (3265219) panicked at src/lib.rs:72:54:
called `Result::unwrap()` on an `Err` value: Decrypt("data too short")

thread 'proptests::aes_gcm_roundtrip' (3265219) panicked at src/lib.rs:72:54:
called `Result::unwrap()` on an `Err` value: Decrypt("data too short")

thread 'proptests::aes_gcm_roundtrip' (3265219) panicked at src/lib.rs:72:54:
called `Result::unwrap()` on an `Err` value: Decrypt("data too short")

thread 'proptests::aes_gcm_roundtrip' (3265219) panicked at src/lib.rs:72:54:
called `Result::unwrap()` on an `Err` value: Decrypt("data too short")

thread 'proptests::aes_gcm_roundtrip' (3265219) panicked at src/lib.rs:72:54:
called `Result::unwrap()` on an `Err` value: Decrypt("data too short")

thread 'proptests::aes_gcm_roundtrip' (3265219) panicked at src/lib.rs:72:54:
called `Result::unwrap()` on an `Err` value: Decrypt("data too short")

thread 'proptests::aes_gcm_roundtrip' (3265219) panicked at src/lib.rs:72:54:
called `Result::unwrap()` on an `Err` value: Decrypt("data too short")

thread 'proptests::aes_gcm_roundtrip' (3265219) panicked at src/lib.rs:72:54:
called `Result::unwrap()` on an `Err` value: Decrypt("data too short")

thread 'proptests::aes_gcm_roundtrip' (3265219) panicked at src/lib.rs:72:54:
called `Result::unwrap()` on an `Err` value: Decrypt("data too short")

thread 'proptests::aes_gcm_roundtrip' (3265219) panicked at src/lib.rs:72:54:
called `Result::unwrap()` on an `Err` value: Decrypt("data too short")

thread 'proptests::aes_gcm_roundtrip' (3265219) panicked at src/lib.rs:72:54:
called `Result::unwrap()` on an `Err` value: Decrypt("data too short")

thread 'proptests::aes_gcm_roundtrip' (3265219) panicked at src/lib.rs:72:54:
called `Result::unwrap()` on an `Err` value: Decrypt("data too short")

thread 'proptests::aes_gcm_roundtrip' (3265219) panicked at src/lib.rs:72:54:
called `Result::unwrap()` on an `Err` value: Decrypt("data too short")

thread 'proptests::aes_gcm_roundtrip' (3265219) panicked at src/lib.rs:72:54:
called `Result::unwrap()` on an `Err` value: Decrypt("data too short")

thread 'proptests::aes_gcm_roundtrip' (3265219) panicked at src/lib.rs:72:54:
called `Result::unwrap()` on an `Err` value: Decrypt("data too short")

thread 'proptests::aes_gcm_roundtrip' (3265219) panicked at src/lib.rs:72:54:
called `Result::unwrap()` on an `Err` value: Decrypt("data too short")

thread 'proptests::aes_gcm_roundtrip' (3265219) panicked at src/lib.rs:72:54:
called `Result::unwrap()` on an `Err` value: Decrypt("data too short")

thread 'proptests::aes_gcm_roundtrip' (3265219) panicked at src/lib.rs:72:54:
called `Result::unwrap()` on an `Err` value: Decrypt("data too short")

thread 'proptests::aes_gcm_roundtrip' (3265219) panicked at src/lib.rs:72:54:
called `Result::unwrap()` on an `Err` value: Decrypt("data too short")

thread 'proptests::aes_gcm_roundtrip' (3265219) panicked at src/lib.rs:72:54:
called `Result::unwrap()` on an `Err` value: Decrypt("data too short")

thread 'proptests::aes_gcm_roundtrip' (3265219) panicked at src/lib.rs:72:54:
called `Result::unwrap()` on an `Err` value: Decrypt("data too short")

thread 'proptests::aes_gcm_roundtrip' (3265219) panicked at src/lib.rs:72:54:
called `Result::unwrap()` on an `Err` value: Decrypt("data too short")

thread 'proptests::aes_gcm_roundtrip' (3265219) panicked at src/lib.rs:72:54:
called `Result::unwrap()` on an `Err` value: Decrypt("data too short")

thread 'proptests::aes_gcm_roundtrip' (3265219) panicked at src/lib.rs:72:54:
called `Result::unwrap()` on an `Err` value: Decrypt("data too short")

thread 'proptests::aes_gcm_roundtrip' (3265219) panicked at src/lib.rs:72:54:
called `Result::unwrap()` on an `Err` value: Decrypt("data too short")

thread 'proptests::aes_gcm_roundtrip' (3265219) panicked at src/lib.rs:72:54:
called `Result::unwrap()` on an `Err` value: Decrypt("data too short")

thread 'proptests::aes_gcm_roundtrip' (3265219) panicked at src/lib.rs:72:54:
called `Result::unwrap()` on an `Err` value: Decrypt("data too short")

thread 'proptests::aes_gcm_roundtrip' (3265219) panicked at src/lib.rs:72:54:
called `Result::unwrap()` on an `Err` value: Decrypt("data too short")

thread 'proptests::aes_gcm_roundtrip' (3265219) panicked at src/lib.rs:72:54:
called `Result::unwrap()` on an `Err` value: Decrypt("data too short")

thread 'proptests::aes_gcm_roundtrip' (3265219) panicked at src/lib.rs:72:54:
called `Result::unwrap()` on an `Err` value: Decrypt("data too short")

thread 'proptests::aes_gcm_roundtrip' (3265219) panicked at src/lib.rs:72:54:
called `Result::unwrap()` on an `Err` value: Decrypt("data too short")

thread 'proptests::aes_gcm_roundtrip' (3265219) panicked at src/lib.rs:72:54:
called `Result::unwrap()` on an `Err` value: Decrypt("data too short")

thread 'proptests::aes_gcm_roundtrip' (3265219) panicked at src/lib.rs:72:54:
called `Result::unwrap()` on an `Err` value: Decrypt("data too short")

thread 'proptests::aes_gcm_roundtrip' (3265219) panicked at src/lib.rs:72:54:
called `Result::unwrap()` on an `Err` value: Decrypt("data too short")

thread 'proptests::aes_gcm_roundtrip' (3265219) panicked at src/lib.rs:72:54:
called `Result::unwrap()` on an `Err` value: Decrypt("data too short")

thread 'proptests::aes_gcm_roundtrip' (3265219) panicked at src/lib.rs:72:54:
called `Result::unwrap()` on an `Err` value: Decrypt("data too short")

thread 'proptests::aes_gcm_roundtrip' (3265219) panicked at src/lib.rs:72:54:
called `Result::unwrap()` on an `Err` value: Decrypt("data too short")

thread 'proptests::aes_gcm_roundtrip' (3265219) panicked at src/lib.rs:72:54:
called `Result::unwrap()` on an `Err` value: Decrypt("data too short")

thread 'proptests::aes_gcm_roundtrip' (3265219) panicked at src/lib.rs:72:54:
called `Result::unwrap()` on an `Err` value: Decrypt("data too short")

thread 'proptests::aes_gcm_roundtrip' (3265219) panicked at src/lib.rs:72:54:
called `Result::unwrap()` on an `Err` value: Decrypt("data too short")

thread 'proptests::aes_gcm_roundtrip' (3265219) panicked at src/lib.rs:72:54:
called `Result::unwrap()` on an `Err` value: Decrypt("data too short")

thread 'proptests::aes_gcm_roundtrip' (3265219) panicked at src/lib.rs:72:54:
called `Result::unwrap()` on an `Err` value: Decrypt("data too short")

thread 'proptests::aes_gcm_roundtrip' (3265219) panicked at src/lib.rs:72:54:
called `Result::unwrap()` on an `Err` value: Decrypt("data too short")

thread 'proptests::aes_gcm_roundtrip' (3265219) panicked at src/lib.rs:72:54:
called `Result::unwrap()` on an `Err` value: Decrypt("data too short")

thread 'proptests::aes_gcm_roundtrip' (3265219) panicked at src/lib.rs:72:54:
called `Result::unwrap()` on an `Err` value: Decrypt("data too short")

thread 'proptests::aes_gcm_roundtrip' (3265219) panicked at src/lib.rs:72:54:
called `Result::unwrap()` on an `Err` value: Decrypt("data too short")

thread 'proptests::aes_gcm_roundtrip' (3265219) panicked at src/lib.rs:72:54:
called `Result::unwrap()` on an `Err` value: Decrypt("data too short")

thread 'proptests::aes_gcm_roundtrip' (3265219) panicked at src/lib.rs:72:54:
called `Result::unwrap()` on an `Err` value: Decrypt("data too short")

thread 'proptests::aes_gcm_roundtrip' (3265219) panicked at src/lib.rs:72:54:
called `Result::unwrap()` on an `Err` value: Decrypt("data too short")

thread 'proptests::aes_gcm_roundtrip' (3265219) panicked at src/lib.rs:72:54:
called `Result::unwrap()` on an `Err` value: Decrypt("data too short")

thread 'proptests::aes_gcm_roundtrip' (3265219) panicked at src/lib.rs:72:54:
called `Result::unwrap()` on an `Err` value: Decrypt("data too short")

thread 'proptests::aes_gcm_roundtrip' (3265219) panicked at src/lib.rs:72:54:
called `Result::unwrap()` on an `Err` value: Decrypt("data too short")

thread 'proptests::aes_gcm_roundtrip' (3265219) panicked at src/lib.rs:72:54:
called `Result::unwrap()` on an `Err` value: Decrypt("data too short")

thread 'proptests::aes_gcm_roundtrip' (3265219) panicked at src/lib.rs:72:54:
called `Result::unwrap()` on an `Err` value: Decrypt("data too short")

thread 'proptests::aes_gcm_roundtrip' (3265219) panicked at src/lib.rs:72:54:
called `Result::unwrap()` on an `Err` value: Decrypt("data too short")

thread 'proptests::aes_gcm_roundtrip' (3265219) panicked at src/lib.rs:72:54:
called `Result::unwrap()` on an `Err` value: Decrypt("data too short")

thread 'proptests::aes_gcm_roundtrip' (3265219) panicked at src/lib.rs:72:54:
called `Result::unwrap()` on an `Err` value: Decrypt("data too short")

thread 'proptests::aes_gcm_roundtrip' (3265219) panicked at src/lib.rs:72:54:
called `Result::unwrap()` on an `Err` value: Decrypt("data too short")

thread 'proptests::aes_gcm_roundtrip' (3265219) panicked at src/lib.rs:72:54:
called `Result::unwrap()` on an `Err` value: Decrypt("data too short")

thread 'proptests::aes_gcm_roundtrip' (3265219) panicked at src/lib.rs:72:54:
called `Result::unwrap()` on an `Err` value: Decrypt("data too short")

thread 'proptests::aes_gcm_roundtrip' (3265219) panicked at src/lib.rs:72:54:
called `Result::unwrap()` on an `Err` value: Decrypt("data too short")

thread 'proptests::aes_gcm_roundtrip' (3265219) panicked at src/lib.rs:72:54:
called `Result::unwrap()` on an `Err` value: Decrypt("data too short")

thread 'proptests::aes_gcm_roundtrip' (3265219) panicked at src/lib.rs:72:54:
called `Result::unwrap()` on an `Err` value: Decrypt("data too short")

thread 'proptests::aes_gcm_roundtrip' (3265219) panicked at src/lib.rs:72:54:
called `Result::unwrap()` on an `Err` value: Decrypt("data too short")

thread 'proptests::aes_gcm_roundtrip' (3265219) panicked at src/lib.rs:72:54:
called `Result::unwrap()` on an `Err` value: Decrypt("data too short")

thread 'proptests::aes_gcm_roundtrip' (3265219) panicked at src/lib.rs:72:54:
called `Result::unwrap()` on an `Err` value: Decrypt("data too short")

thread 'proptests::aes_gcm_roundtrip' (3265219) panicked at src/lib.rs:72:54:
called `Result::unwrap()` on an `Err` value: Decrypt("data too short")

thread 'proptests::aes_gcm_roundtrip' (3265219) panicked at src/lib.rs:72:54:
called `Result::unwrap()` on an `Err` value: Decrypt("data too short")

thread 'proptests::aes_gcm_roundtrip' (3265219) panicked at src/lib.rs:72:54:
called `Result::unwrap()` on an `Err` value: Decrypt("data too short")

thread 'proptests::aes_gcm_roundtrip' (3265219) panicked at src/lib.rs:72:54:
called `Result::unwrap()` on an `Err` value: Decrypt("data too short")

thread 'proptests::aes_gcm_roundtrip' (3265219) panicked at src/lib.rs:72:54:
called `Result::unwrap()` on an `Err` value: Decrypt("data too short")

thread 'proptests::aes_gcm_roundtrip' (3265219) panicked at src/lib.rs:72:54:
called `Result::unwrap()` on an `Err` value: Decrypt("data too short")

thread 'proptests::aes_gcm_roundtrip' (3265219) panicked at src/lib.rs:72:54:
called `Result::unwrap()` on an `Err` value: Decrypt("data too short")

thread 'proptests::aes_gcm_roundtrip' (3265219) panicked at src/lib.rs:72:54:
called `Result::unwrap()` on an `Err` value: Decrypt("data too short")

thread 'proptests::aes_gcm_roundtrip' (3265219) panicked at src/lib.rs:72:54:
called `Result::unwrap()` on an `Err` value: Decrypt("data too short")

thread 'proptests::aes_gcm_roundtrip' (3265219) panicked at src/lib.rs:72:54:
called `Result::unwrap()` on an `Err` value: Decrypt("data too short")

thread 'proptests::aes_gcm_roundtrip' (3265219) panicked at src/lib.rs:72:54:
called `Result::unwrap()` on an `Err` value: Decrypt("data too short")
proptest: Saving this and future failures in /tmp/cargo-mutants-cryptkit-NIFqB4.tmp/proptest-regressions/lib.txt
proptest: If this test was run on a CI system, you may wish to add the following line to your copy of the file. (You may need to create it.)
cc 3473a3a173cc0d0a42a1de6323c55162e58fcf0a001f77fda8cd62239b9db0ba

thread 'proptests::aes_gcm_roundtrip' (3265219) panicked at src/lib.rs:48:5:
Test failed: called `Result::unwrap()` on an `Err` value: Decrypt("data too short").
minimal failing input: plaintext = ""
	successes: 0
	local rejects: 0
	global rejects: 0



failures:
    aes::tests::empty_plaintext
    aes::tests::round_trip
    aes::tests::shared_handle_concurrent_roundtrip
    proptests::aes_gcm_roundtrip

test result: FAILED. 22 passed; 4 failed; 0 ignored; 0 measured; 0 filtered out; finished in 3.18s

error: test failed, to rerun pass `-p cryptkit --lib`

*** result: Failure(101)
