
*** src/aes.rs:63:9: replace AesGcmEncryptor::generate -> Result<Self, AesError> with Ok(Default::default())

*** mutation diff:
--- src/aes.rs
+++ replace AesGcmEncryptor::generate -> Result<Self, AesError> with Ok(Default::default())
@@ -55,19 +55,17 @@
 impl AesGcmEncryptor {
     /// Creates an encryptor from an existing 32-byte key.
     pub fn new(key: [u8; 32]) -> Result<Self, AesError> {
         Ok(Self { key })
     }
 
     /// Generates a cryptographically random key and returns an encryptor.
     pub fn generate() -> Result<Self, AesError> {
-        let mut key = [0u8; 32];
-        random::secure_random_bytes(&mut key);
-        Ok(Self { key })
+        Ok(Default::default()) /* ~ changed by cargo-mutants ~ */
     }
 
     /// Encrypts plaintext. Returns `nonce || ciphertext`.
     ///
     /// The first 12 bytes are the nonce, the rest is the AES-GCM ciphertext
     /// including the 16-byte authentication tag.
     ///
     /// # Requirements


*** /home/wyatt/.rustup/toolchains/1.94.1-x86_64-unknown-linux-gnu/bin/cargo test --no-run --verbose --package=cryptkit@0.1.0 --all-features
    Blocking waiting for file lock on package cache
    Blocking waiting for file lock on package cache
       Fresh cfg-if v1.0.4
       Fresh libc v0.2.189
       Fresh unicode-ident v1.0.24
       Fresh version_check v0.9.5
       Fresh getrandom v0.2.17
       Fresh typenum v1.20.1
       Fresh proc-macro2 v1.0.107
       Fresh rand_core v0.6.4
       Fresh subtle v2.6.1
       Fresh cpufeatures v0.2.17
       Fresh quote v1.0.47
       Fresh semver v1.0.28
       Fresh generic-array v0.14.7
       Fresh syn v2.0.119
       Fresh syn v3.0.4
       Fresh autocfg v1.5.1
       Fresh crypto-common v0.1.7
       Fresh zerocopy-derive v0.8.56
       Fresh block-buffer v0.10.4
       Fresh getrandom v0.3.4
       Fresh crossbeam-utils v0.8.22
       Fresh serde_core v1.0.229
       Fresh zerocopy v0.8.56
       Fresh digest v0.10.7
       Fresh inout v0.1.4
       Fresh rustc_version v0.4.1
       Fresh ppv-lite86 v0.2.21
       Fresh find-msvc-tools v0.1.11
       Fresh shlex v2.0.1
       Fresh crossbeam-epoch v0.9.20
       Fresh cc v1.4.4
       Fresh cipher v0.4.4
       Fresh universal-hash v0.5.1
       Fresh rand_core v0.9.5
       Fresh serde_derive v1.0.229
       Fresh zeroize_derive v1.5.0
       Fresh once_cell v1.21.4
       Fresh bitflags v2.13.1
       Fresh linux-raw-sys v0.12.1
       Fresh either v1.18.0
       Fresh regex-syntax v0.8.11
       Fresh opaque-debug v0.3.1
       Fresh rustix v1.1.4
       Fresh polyval v0.6.2
       Fresh zmij v1.0.23
       Fresh num-traits v0.2.19
       Fresh zeroize v1.9.0
       Fresh serde v1.0.229
       Fresh crossbeam-deque v0.8.7
       Fresh getrandom v0.4.3
       Fresh half v2.7.1
       Fresh curve25519-dalek-derive v0.1.1
       Fresh anstyle v1.0.14
       Fresh plotters-backend v0.3.7
       Fresh signature v2.2.0
       Fresh memchr v2.8.3
       Fresh itoa v1.0.18
       Fresh fastrand v2.5.0
       Fresh ciborium-io v0.2.2
       Fresh clap_lex v1.1.0
       Fresh serde_json v1.0.151
       Fresh tempfile v3.27.0
       Fresh plotters-svg v0.3.7
       Fresh ed25519 v2.2.3
       Fresh ciborium-ll v0.2.2
       Fresh clap_builder v4.6.6
       Fresh curve25519-dalek v4.1.3
       Fresh rayon-core v1.13.0
       Fresh ghash v0.5.1
       Fresh itertools v0.10.5
       Fresh regex-automata v0.4.18
       Fresh ctr v0.9.2
       Fresh aes v0.8.4
       Fresh rand_chacha v0.3.1
       Fresh sha2 v0.10.9
       Fresh aead v0.5.2
       Fresh thiserror-impl v2.0.20
       Fresh wait-timeout v0.2.1
       Fresh same-file v1.0.6
       Fresh cast v0.3.0
       Fresh untrusted v0.9.0
       Fresh bit-vec v0.8.0
       Fresh fnv v1.0.7
       Fresh quick-error v1.2.3
       Fresh criterion-plot v0.5.0
       Fresh bit-set v0.8.0
       Fresh ring v0.17.14
       Fresh rusty-fork v0.3.1
       Fresh walkdir v2.5.0
       Fresh thiserror v2.0.20
       Fresh aes-gcm v0.10.3
       Fresh rand v0.8.8
       Fresh regex v1.13.1
       Fresh ed25519-dalek v2.2.0
       Fresh clap v4.6.6
       Fresh rayon v1.12.0
       Fresh ciborium v0.2.2
       Fresh tinytemplate v1.2.1
       Fresh plotters v0.3.7
       Fresh rand v0.9.5
       Fresh rand_chacha v0.9.0
       Fresh rand_xorshift v0.4.0
       Fresh hmac v0.12.1
       Fresh is-terminal v0.4.17
       Fresh unarray v0.1.4
       Fresh anes v0.1.6
       Fresh oorandom v11.1.5
       Fresh proptest v1.11.0
       Fresh hex v0.4.3
       Dirty cryptkit v0.1.0 (/tmp/cargo-mutants-cryptkit-NIFqB4.tmp): the file `src/aes.rs` has changed (1788991363.717571095s, 19s after last build at 1788991344.693342519s)
   Compiling cryptkit v0.1.0 (/tmp/cargo-mutants-cryptkit-NIFqB4.tmp)
       Fresh criterion v0.5.1
     Running `/home/wyatt/.rustup/toolchains/1.94.1-x86_64-unknown-linux-gnu/bin/rustc --crate-name cryptkit --edition=2024 src/lib.rs --error-format=json --json=diagnostic-rendered-ansi,artifacts,future-incompat --emit=dep-info,link -C embed-bitcode=no -C debuginfo=2 '--deny=clippy::unwrap_used' '--deny=clippy::panic' '--deny=clippy::indexing_slicing' '--warn=clippy::expect_used' --test --cfg 'feature="aes-gcm"' --cfg 'feature="default"' --cfg 'feature="ed25519"' --cfg 'feature="fips"' --cfg 'feature="hmac_sha256"' --check-cfg 'cfg(docsrs,test)' --check-cfg 'cfg(feature, values("aes-gcm", "default", "ed25519", "fips", "hmac_sha256"))' -C metadata=2bce770f1722be39 -C extra-filename=-b6c771eb787b92c6 --out-dir /tmp/cargo-mutants-cryptkit-NIFqB4.tmp/target/debug/deps -C incremental=/tmp/cargo-mutants-cryptkit-NIFqB4.tmp/target/debug/incremental -L dependency=/tmp/cargo-mutants-cryptkit-NIFqB4.tmp/target/debug/deps --extern aes_gcm=/tmp/cargo-mutants-cryptkit-NIFqB4.tmp/target/debug/deps/libaes_gcm-38c4e08b316d4e40.rlib --extern criterion=/tmp/cargo-mutants-cryptkit-NIFqB4.tmp/target/debug/deps/libcriterion-6bd0b8a0f0588da5.rlib --extern ed25519_dalek=/tmp/cargo-mutants-cryptkit-NIFqB4.tmp/target/debug/deps/libed25519_dalek-72890664638d8671.rlib --extern hex=/tmp/cargo-mutants-cryptkit-NIFqB4.tmp/target/debug/deps/libhex-e5ec8a81ee0bf6d9.rlib --extern hmac=/tmp/cargo-mutants-cryptkit-NIFqB4.tmp/target/debug/deps/libhmac-3e6ab4ea8ad081a2.rlib --extern proptest=/tmp/cargo-mutants-cryptkit-NIFqB4.tmp/target/debug/deps/libproptest-4294553526aa0e3d.rlib --extern rand=/tmp/cargo-mutants-cryptkit-NIFqB4.tmp/target/debug/deps/librand-cc5846346a3964c1.rlib --extern ring=/tmp/cargo-mutants-cryptkit-NIFqB4.tmp/target/debug/deps/libring-8b33fc9a0b667918.rlib --extern sha2=/tmp/cargo-mutants-cryptkit-NIFqB4.tmp/target/debug/deps/libsha2-485c0a4d77446f7c.rlib --extern subtle=/tmp/cargo-mutants-cryptkit-NIFqB4.tmp/target/debug/deps/libsubtle-ff03f4f39ef8eb54.rlib --extern thiserror=/tmp/cargo-mutants-cryptkit-NIFqB4.tmp/target/debug/deps/libthiserror-7b669cdac049ce12.rlib --extern zeroize=/tmp/cargo-mutants-cryptkit-NIFqB4.tmp/target/debug/deps/libzeroize-aec5ebca0604b571.rlib -L native=/tmp/cargo-mutants-cryptkit-NIFqB4.tmp/target/debug/build/ring-641c04dac0274cef/out`
     Running `/home/wyatt/.rustup/toolchains/1.94.1-x86_64-unknown-linux-gnu/bin/rustc --crate-name cryptkit --edition=2024 src/lib.rs --error-format=json --json=diagnostic-rendered-ansi,artifacts,future-incompat --crate-type lib --emit=dep-info,metadata,link -C embed-bitcode=no -C debuginfo=2 '--deny=clippy::unwrap_used' '--deny=clippy::panic' '--deny=clippy::indexing_slicing' '--warn=clippy::expect_used' --cfg 'feature="aes-gcm"' --cfg 'feature="default"' --cfg 'feature="ed25519"' --cfg 'feature="fips"' --cfg 'feature="hmac_sha256"' --check-cfg 'cfg(docsrs,test)' --check-cfg 'cfg(feature, values("aes-gcm", "default", "ed25519", "fips", "hmac_sha256"))' -C metadata=118fcabe23d8b160 -C extra-filename=-c200848caca6bcd6 --out-dir /tmp/cargo-mutants-cryptkit-NIFqB4.tmp/target/debug/deps -C incremental=/tmp/cargo-mutants-cryptkit-NIFqB4.tmp/target/debug/incremental -L dependency=/tmp/cargo-mutants-cryptkit-NIFqB4.tmp/target/debug/deps --extern aes_gcm=/tmp/cargo-mutants-cryptkit-NIFqB4.tmp/target/debug/deps/libaes_gcm-38c4e08b316d4e40.rmeta --extern ed25519_dalek=/tmp/cargo-mutants-cryptkit-NIFqB4.tmp/target/debug/deps/libed25519_dalek-72890664638d8671.rmeta --extern hmac=/tmp/cargo-mutants-cryptkit-NIFqB4.tmp/target/debug/deps/libhmac-3e6ab4ea8ad081a2.rmeta --extern rand=/tmp/cargo-mutants-cryptkit-NIFqB4.tmp/target/debug/deps/librand-cc5846346a3964c1.rmeta --extern ring=/tmp/cargo-mutants-cryptkit-NIFqB4.tmp/target/debug/deps/libring-8b33fc9a0b667918.rmeta --extern sha2=/tmp/cargo-mutants-cryptkit-NIFqB4.tmp/target/debug/deps/libsha2-485c0a4d77446f7c.rmeta --extern subtle=/tmp/cargo-mutants-cryptkit-NIFqB4.tmp/target/debug/deps/libsubtle-ff03f4f39ef8eb54.rmeta --extern thiserror=/tmp/cargo-mutants-cryptkit-NIFqB4.tmp/target/debug/deps/libthiserror-7b669cdac049ce12.rmeta --extern zeroize=/tmp/cargo-mutants-cryptkit-NIFqB4.tmp/target/debug/deps/libzeroize-aec5ebca0604b571.rmeta -L native=/tmp/cargo-mutants-cryptkit-NIFqB4.tmp/target/debug/build/ring-641c04dac0274cef/out`
error[E0277]: the trait bound `AesGcmEncryptor: Default` is not satisfied
  --> src/aes.rs:63:12
   |
63 |         Ok(Default::default()) /* ~ changed by cargo-mutants ~ */
   |            ^^^^^^^^^^^^^^^^^^ the trait `Default` is not implemented for `AesGcmEncryptor`
   |
help: consider annotating `AesGcmEncryptor` with `#[derive(Default)]`
   |
51 + #[derive(Default)]
52 | pub struct AesGcmEncryptor {
   |

For more information about this error, try `rustc --explain E0277`.
error: could not compile `cryptkit` (lib) due to 1 previous error

Caused by:
  process didn't exit successfully: `/home/wyatt/.rustup/toolchains/1.94.1-x86_64-unknown-linux-gnu/bin/rustc --crate-name cryptkit --edition=2024 src/lib.rs --error-format=json --json=diagnostic-rendered-ansi,artifacts,future-incompat --crate-type lib --emit=dep-info,metadata,link -C embed-bitcode=no -C debuginfo=2 '--deny=clippy::unwrap_used' '--deny=clippy::panic' '--deny=clippy::indexing_slicing' '--warn=clippy::expect_used' --cfg 'feature="aes-gcm"' --cfg 'feature="default"' --cfg 'feature="ed25519"' --cfg 'feature="fips"' --cfg 'feature="hmac_sha256"' --check-cfg 'cfg(docsrs,test)' --check-cfg 'cfg(feature, values("aes-gcm", "default", "ed25519", "fips", "hmac_sha256"))' -C metadata=118fcabe23d8b160 -C extra-filename=-c200848caca6bcd6 --out-dir /tmp/cargo-mutants-cryptkit-NIFqB4.tmp/target/debug/deps -C incremental=/tmp/cargo-mutants-cryptkit-NIFqB4.tmp/target/debug/incremental -L dependency=/tmp/cargo-mutants-cryptkit-NIFqB4.tmp/target/debug/deps --extern aes_gcm=/tmp/cargo-mutants-cryptkit-NIFqB4.tmp/target/debug/deps/libaes_gcm-38c4e08b316d4e40.rmeta --extern ed25519_dalek=/tmp/cargo-mutants-cryptkit-NIFqB4.tmp/target/debug/deps/libed25519_dalek-72890664638d8671.rmeta --extern hmac=/tmp/cargo-mutants-cryptkit-NIFqB4.tmp/target/debug/deps/libhmac-3e6ab4ea8ad081a2.rmeta --extern rand=/tmp/cargo-mutants-cryptkit-NIFqB4.tmp/target/debug/deps/librand-cc5846346a3964c1.rmeta --extern ring=/tmp/cargo-mutants-cryptkit-NIFqB4.tmp/target/debug/deps/libring-8b33fc9a0b667918.rmeta --extern sha2=/tmp/cargo-mutants-cryptkit-NIFqB4.tmp/target/debug/deps/libsha2-485c0a4d77446f7c.rmeta --extern subtle=/tmp/cargo-mutants-cryptkit-NIFqB4.tmp/target/debug/deps/libsubtle-ff03f4f39ef8eb54.rmeta --extern thiserror=/tmp/cargo-mutants-cryptkit-NIFqB4.tmp/target/debug/deps/libthiserror-7b669cdac049ce12.rmeta --extern zeroize=/tmp/cargo-mutants-cryptkit-NIFqB4.tmp/target/debug/deps/libzeroize-aec5ebca0604b571.rmeta -L native=/tmp/cargo-mutants-cryptkit-NIFqB4.tmp/target/debug/build/ring-641c04dac0274cef/out` (exit status: 1)
warning: build failed, waiting for other jobs to finish...
error[E0277]: the trait bound `aes::AesGcmEncryptor: Default` is not satisfied
  --> src/aes.rs:63:12
   |
63 |         Ok(Default::default()) /* ~ changed by cargo-mutants ~ */
   |            ^^^^^^^^^^^^^^^^^^ the trait `Default` is not implemented for `aes::AesGcmEncryptor`
   |
help: consider annotating `aes::AesGcmEncryptor` with `#[derive(Default)]`
   |
51 + #[derive(Default)]
52 | pub struct AesGcmEncryptor {
   |

error: could not compile `cryptkit` (lib test) due to 1 previous error

Caused by:
  process didn't exit successfully: `/home/wyatt/.rustup/toolchains/1.94.1-x86_64-unknown-linux-gnu/bin/rustc --crate-name cryptkit --edition=2024 src/lib.rs --error-format=json --json=diagnostic-rendered-ansi,artifacts,future-incompat --emit=dep-info,link -C embed-bitcode=no -C debuginfo=2 '--deny=clippy::unwrap_used' '--deny=clippy::panic' '--deny=clippy::indexing_slicing' '--warn=clippy::expect_used' --test --cfg 'feature="aes-gcm"' --cfg 'feature="default"' --cfg 'feature="ed25519"' --cfg 'feature="fips"' --cfg 'feature="hmac_sha256"' --check-cfg 'cfg(docsrs,test)' --check-cfg 'cfg(feature, values("aes-gcm", "default", "ed25519", "fips", "hmac_sha256"))' -C metadata=2bce770f1722be39 -C extra-filename=-b6c771eb787b92c6 --out-dir /tmp/cargo-mutants-cryptkit-NIFqB4.tmp/target/debug/deps -C incremental=/tmp/cargo-mutants-cryptkit-NIFqB4.tmp/target/debug/incremental -L dependency=/tmp/cargo-mutants-cryptkit-NIFqB4.tmp/target/debug/deps --extern aes_gcm=/tmp/cargo-mutants-cryptkit-NIFqB4.tmp/target/debug/deps/libaes_gcm-38c4e08b316d4e40.rlib --extern criterion=/tmp/cargo-mutants-cryptkit-NIFqB4.tmp/target/debug/deps/libcriterion-6bd0b8a0f0588da5.rlib --extern ed25519_dalek=/tmp/cargo-mutants-cryptkit-NIFqB4.tmp/target/debug/deps/libed25519_dalek-72890664638d8671.rlib --extern hex=/tmp/cargo-mutants-cryptkit-NIFqB4.tmp/target/debug/deps/libhex-e5ec8a81ee0bf6d9.rlib --extern hmac=/tmp/cargo-mutants-cryptkit-NIFqB4.tmp/target/debug/deps/libhmac-3e6ab4ea8ad081a2.rlib --extern proptest=/tmp/cargo-mutants-cryptkit-NIFqB4.tmp/target/debug/deps/libproptest-4294553526aa0e3d.rlib --extern rand=/tmp/cargo-mutants-cryptkit-NIFqB4.tmp/target/debug/deps/librand-cc5846346a3964c1.rlib --extern ring=/tmp/cargo-mutants-cryptkit-NIFqB4.tmp/target/debug/deps/libring-8b33fc9a0b667918.rlib --extern sha2=/tmp/cargo-mutants-cryptkit-NIFqB4.tmp/target/debug/deps/libsha2-485c0a4d77446f7c.rlib --extern subtle=/tmp/cargo-mutants-cryptkit-NIFqB4.tmp/target/debug/deps/libsubtle-ff03f4f39ef8eb54.rlib --extern thiserror=/tmp/cargo-mutants-cryptkit-NIFqB4.tmp/target/debug/deps/libthiserror-7b669cdac049ce12.rlib --extern zeroize=/tmp/cargo-mutants-cryptkit-NIFqB4.tmp/target/debug/deps/libzeroize-aec5ebca0604b571.rlib -L native=/tmp/cargo-mutants-cryptkit-NIFqB4.tmp/target/debug/build/ring-641c04dac0274cef/out` (exit status: 1)

*** result: Failure(101)
